../Core/Src/Communication/LoRa/lora.c:38:6:newLoRa	72	static
../Core/Src/Communication/LoRa/lora.c:71:6:LoRa_reset	16	static
../Core/Src/Communication/LoRa/lora.c:91:6:LoRa_gotoMode	24	static
../Core/Src/Communication/LoRa/lora.c:135:6:LoRa_readReg	24	static
../Core/Src/Communication/LoRa/lora.c:161:6:LoRa_writeReg	24	static
../Core/Src/Communication/LoRa/lora.c:183:6:LoRa_setLowDaraRateOptimization	24	static
../Core/Src/Communication/LoRa/lora.c:208:6:LoRa_setAutoLDO	96	static
../Core/Src/Communication/LoRa/lora.c:225:6:LoRa_setFrequency	24	static
../Core/Src/Communication/LoRa/lora.c:257:6:LoRa_setSpreadingFactor	24	static
../Core/Src/Communication/LoRa/lora.c:287:6:LoRa_setPower	16	static
../Core/Src/Communication/LoRa/lora.c:303:6:LoRa_setOCP	24	static
../Core/Src/Communication/LoRa/lora.c:331:6:LoRa_setTOMsb_setCRCon	24	static
../Core/Src/Communication/LoRa/lora.c:351:6:LoRa_setSyncWord	16	static
../Core/Src/Communication/LoRa/lora.c:367:9:LoRa_read	32	static
../Core/Src/Communication/LoRa/lora.c:390:6:LoRa_write	32	static
../Core/Src/Communication/LoRa/lora.c:412:6:LoRa_BurstWrite	32	static
../Core/Src/Communication/LoRa/lora.c:440:9:LoRa_isvalid	16	static
../Core/Src/Communication/LoRa/lora.c:457:9:LoRa_transmit	32	static
../Core/Src/Communication/LoRa/lora.c:494:6:LoRa_startReceiving	16	static
../Core/Src/Communication/LoRa/lora.c:510:9:LoRa_receive	48	static
../Core/Src/Communication/LoRa/lora.c:543:5:LoRa_getRSSI	24	static
../Core/Src/Communication/LoRa/lora.c:559:10:LoRa_init	24	static
