Archive member included to satisfy reference by file (symbol)

C:/ST/STM32CubeIDE_1.13.2/STM32CubeIDE/plugins/com.st.stm32cube.ide.mcu.externaltools.gnu-tools-for-stm32.11.3.rel1.win32_1.1.1.202309131626/tools/bin/../lib/gcc/arm-none-eabi/11.3.1/../../../../arm-none-eabi/lib/thumb/v7e-m+fp/hard\libc_nano.a(libc_a-exit.o)
                              C:/ST/STM32CubeIDE_1.13.2/STM32CubeIDE/plugins/com.st.stm32cube.ide.mcu.externaltools.gnu-tools-for-stm32.11.3.rel1.win32_1.1.1.202309131626/tools/bin/../lib/gcc/arm-none-eabi/11.3.1/../../../../arm-none-eabi/lib/thumb/v7e-m+fp/hard/crt0.o (exit)
C:/ST/STM32CubeIDE_1.13.2/STM32CubeIDE/plugins/com.st.stm32cube.ide.mcu.externaltools.gnu-tools-for-stm32.11.3.rel1.win32_1.1.1.202309131626/tools/bin/../lib/gcc/arm-none-eabi/11.3.1/../../../../arm-none-eabi/lib/thumb/v7e-m+fp/hard\libc_nano.a(libc_a-findfp.o)
                              C:/ST/STM32CubeIDE_1.13.2/STM32CubeIDE/plugins/com.st.stm32cube.ide.mcu.externaltools.gnu-tools-for-stm32.11.3.rel1.win32_1.1.1.202309131626/tools/bin/../lib/gcc/arm-none-eabi/11.3.1/../../../../arm-none-eabi/lib/thumb/v7e-m+fp/hard\libc_nano.a(libc_a-exit.o) (__stdio_exit_handler)
C:/ST/STM32CubeIDE_1.13.2/STM32CubeIDE/plugins/com.st.stm32cube.ide.mcu.externaltools.gnu-tools-for-stm32.11.3.rel1.win32_1.1.1.202309131626/tools/bin/../lib/gcc/arm-none-eabi/11.3.1/../../../../arm-none-eabi/lib/thumb/v7e-m+fp/hard\libc_nano.a(libc_a-fwalk.o)
                              C:/ST/STM32CubeIDE_1.13.2/STM32CubeIDE/plugins/com.st.stm32cube.ide.mcu.externaltools.gnu-tools-for-stm32.11.3.rel1.win32_1.1.1.202309131626/tools/bin/../lib/gcc/arm-none-eabi/11.3.1/../../../../arm-none-eabi/lib/thumb/v7e-m+fp/hard\libc_nano.a(libc_a-findfp.o) (_fwalk_sglue)
C:/ST/STM32CubeIDE_1.13.2/STM32CubeIDE/plugins/com.st.stm32cube.ide.mcu.externaltools.gnu-tools-for-stm32.11.3.rel1.win32_1.1.1.202309131626/tools/bin/../lib/gcc/arm-none-eabi/11.3.1/../../../../arm-none-eabi/lib/thumb/v7e-m+fp/hard\libc_nano.a(libc_a-sprintf.o)
                              ./Core/Src/Communication/ESP32/ESPDataLogger.o (sprintf)
C:/ST/STM32CubeIDE_1.13.2/STM32CubeIDE/plugins/com.st.stm32cube.ide.mcu.externaltools.gnu-tools-for-stm32.11.3.rel1.win32_1.1.1.202309131626/tools/bin/../lib/gcc/arm-none-eabi/11.3.1/../../../../arm-none-eabi/lib/thumb/v7e-m+fp/hard\libc_nano.a(libc_a-stdio.o)
                              C:/ST/STM32CubeIDE_1.13.2/STM32CubeIDE/plugins/com.st.stm32cube.ide.mcu.externaltools.gnu-tools-for-stm32.11.3.rel1.win32_1.1.1.202309131626/tools/bin/../lib/gcc/arm-none-eabi/11.3.1/../../../../arm-none-eabi/lib/thumb/v7e-m+fp/hard\libc_nano.a(libc_a-findfp.o) (__sread)
C:/ST/STM32CubeIDE_1.13.2/STM32CubeIDE/plugins/com.st.stm32cube.ide.mcu.externaltools.gnu-tools-for-stm32.11.3.rel1.win32_1.1.1.202309131626/tools/bin/../lib/gcc/arm-none-eabi/11.3.1/../../../../arm-none-eabi/lib/thumb/v7e-m+fp/hard\libc_nano.a(libc_a-memset.o)
                              C:/ST/STM32CubeIDE_1.13.2/STM32CubeIDE/plugins/com.st.stm32cube.ide.mcu.externaltools.gnu-tools-for-stm32.11.3.rel1.win32_1.1.1.202309131626/tools/bin/../lib/gcc/arm-none-eabi/11.3.1/../../../../arm-none-eabi/lib/thumb/v7e-m+fp/hard/crt0.o (memset)
C:/ST/STM32CubeIDE_1.13.2/STM32CubeIDE/plugins/com.st.stm32cube.ide.mcu.externaltools.gnu-tools-for-stm32.11.3.rel1.win32_1.1.1.202309131626/tools/bin/../lib/gcc/arm-none-eabi/11.3.1/../../../../arm-none-eabi/lib/thumb/v7e-m+fp/hard\libc_nano.a(libc_a-strcat.o)
                              ./Core/Src/Communication/ESP32/ESPDataLogger.o (strcat)
C:/ST/STM32CubeIDE_1.13.2/STM32CubeIDE/plugins/com.st.stm32cube.ide.mcu.externaltools.gnu-tools-for-stm32.11.3.rel1.win32_1.1.1.202309131626/tools/bin/../lib/gcc/arm-none-eabi/11.3.1/../../../../arm-none-eabi/lib/thumb/v7e-m+fp/hard\libc_nano.a(libc_a-closer.o)
                              C:/ST/STM32CubeIDE_1.13.2/STM32CubeIDE/plugins/com.st.stm32cube.ide.mcu.externaltools.gnu-tools-for-stm32.11.3.rel1.win32_1.1.1.202309131626/tools/bin/../lib/gcc/arm-none-eabi/11.3.1/../../../../arm-none-eabi/lib/thumb/v7e-m+fp/hard\libc_nano.a(libc_a-stdio.o) (_close_r)
C:/ST/STM32CubeIDE_1.13.2/STM32CubeIDE/plugins/com.st.stm32cube.ide.mcu.externaltools.gnu-tools-for-stm32.11.3.rel1.win32_1.1.1.202309131626/tools/bin/../lib/gcc/arm-none-eabi/11.3.1/../../../../arm-none-eabi/lib/thumb/v7e-m+fp/hard\libc_nano.a(libc_a-reent.o)
                              C:/ST/STM32CubeIDE_1.13.2/STM32CubeIDE/plugins/com.st.stm32cube.ide.mcu.externaltools.gnu-tools-for-stm32.11.3.rel1.win32_1.1.1.202309131626/tools/bin/../lib/gcc/arm-none-eabi/11.3.1/../../../../arm-none-eabi/lib/thumb/v7e-m+fp/hard\libc_nano.a(libc_a-closer.o) (errno)
C:/ST/STM32CubeIDE_1.13.2/STM32CubeIDE/plugins/com.st.stm32cube.ide.mcu.externaltools.gnu-tools-for-stm32.11.3.rel1.win32_1.1.1.202309131626/tools/bin/../lib/gcc/arm-none-eabi/11.3.1/../../../../arm-none-eabi/lib/thumb/v7e-m+fp/hard\libc_nano.a(libc_a-impure.o)
[...]
Memory Configuration

Name             Origin             Length             Attributes
RAM              0x0000000020000000 0x0000000000020000 xrw
FLASH            0x0000000008000000 0x0000000000080000 xr
*default*        0x0000000000000000 0xffffffffffffffff

Linker script and memory map

LOAD C:/ST/STM32CubeIDE_1.13.2/STM32CubeIDE/plugins/com.st.stm32cube.ide.mcu.externaltools.gnu-tools-for-stm32.11.3.rel1.win32_1.1.1.202309131626/tools/bin/../lib/gcc/arm-none-eabi/11.3.1/thumb/v7e-m+fp/hard/crti.o
LOAD C:/ST/STM32CubeIDE_1.13.2/STM32CubeIDE/plugins/com.st.stm32cube.ide.mcu.externaltools.gnu-tools-for-stm32.11.3.rel1.win32_1.1.1.202309131626/tools/bin/../lib/gcc/arm-none-eabi/11.3.1/thumb/v7e-m+fp/hard/crtbegin.o
LOAD C:/ST/STM32CubeIDE_1.13.2/STM32CubeIDE/plugins/com.st.stm32cube.ide.mcu.externaltools.gnu-tools-for-stm32.11.3.rel1.win32_1.1.1.202309131626/tools/bin/../lib/gcc/arm-none-eabi/11.3.1/../../../../arm-none-eabi/lib/thumb/v7e-m+fp/hard/crt0.o
LOAD ./Core/Src/Clock Configuration/Delay/delay.o
LOAD ./Core/Src/Clock Configuration/Rcc/rcc.o
LOAD ./Core/Src/Communication/ESP32/ESPDataLogger.o
LOAD ./Core/Src/Communication/ESP32/UartRingbuffer.o
LOAD ./Core/Src/Communication/LCD/liquidcrystal_i2c.o
LOAD ./Core/Src/Communication/LoRa/gpio_controls.o
LOAD ./Core/Src/Communication/LoRa/lora.o
LOAD ./Core/Src/Connections/ADC/adc.o
LOAD ./Core/Src/Connections/I2C/i2c.o
LOAD ./Core/Src/Connections/Spi/spi.o
LOAD ./Core/Src/Sensors/GY521/gy521.o
LOAD ./Core/Src/Sensors/Moisture/moisture.o
LOAD ./Core/Src/Sensors/Vibration/vibration.o
LOAD ./Core/Src/adc.o
LOAD ./Core/Src/gpio.o
LOAD ./Core/Src/i2c.o
LOAD ./Core/Src/main.o
LOAD ./Core/Src/spi.o
LOAD ./Core/Src/stm32f4xx_hal_msp.o
LOAD ./Core/Src/stm32f4xx_it.o
LOAD ./Core/Src/syscalls.o
LOAD ./Core/Src/sysmem.o
LOAD ./Core/Src/system_stm32f4xx.o
LOAD ./Core/Src/usart.o
LOAD ./Core/Startup/startup_stm32f411retx.o
LOAD ./Drivers/STM32F4xx_HAL_Driver/Src/stm32f4xx_hal.o
LOAD ./Drivers/STM32F4xx_HAL_Driver/Src/stm32f4xx_hal_adc.o
LOAD ./Drivers/STM32F4xx_HAL_Driver/Src/stm32f4xx_hal_adc_ex.o
LOAD ./Drivers/STM32F4xx_HAL_Driver/Src/stm32f4xx_hal_cortex.o
LOAD ./Drivers/STM32F4xx_HAL_Driver/Src/stm32f4xx_hal_dma.o
LOAD ./Drivers/STM32F4xx_HAL_Driver/Src/stm32f4xx_hal_dma_ex.o
LOAD ./Drivers/STM32F4xx_HAL_Driver/Src/stm32f4xx_hal_exti.o
LOAD ./Drivers/STM32F4xx_HAL_Driver/Src/stm32f4xx_hal_flash.o
LOAD ./Drivers/STM32F4xx_HAL_Driver/Src/stm32f4xx_hal_flash_ex.o
LOAD ./Drivers/STM32F4xx_HAL_Driver/Src/stm32f4xx_hal_flash_ramfunc.o
LOAD ./Drivers/STM32F4xx_HAL_Driver/Src/stm32f4xx_hal_gpio.o
LOAD ./Drivers/STM32F4xx_HAL_Driver/Src/stm32f4xx_hal_i2c.o
LOAD ./Drivers/STM32F4xx_HAL_Driver/Src/stm32f4xx_hal_i2c_ex.o
LOAD ./Drivers/STM32F4xx_HAL_Driver/Src/stm32f4xx_hal_pwr.o
LOAD ./Drivers/STM32F4xx_HAL_Driver/Src/stm32f4xx_hal_pwr_ex.o
LOAD ./Drivers/STM32F4xx_HAL_Driver/Src/stm32f4xx_hal_rcc.o
LOAD ./Drivers/STM32F4xx_HAL_Driver/Src/stm32f4xx_hal_rcc_ex.o
LOAD ./Drivers/STM32F4xx_HAL_Driver/Src/stm32f4xx_hal_spi.o
LOAD ./Drivers/STM32F4xx_HAL_Driver/Src/stm32f4xx_hal_tim.o
LOAD ./Drivers/STM32F4xx_HAL_Driver/Src/stm32f4xx_hal_tim_ex.o
LOAD ./Drivers/STM32F4xx_HAL_Driver/Src/stm32f4xx_hal_uart.o
LOAD ./Drivers/STM32F4xx_HAL_Driver/Src/stm32f4xx_ll_adc.o
START GROUP
LOAD C:/ST/STM32CubeIDE_1.13.2/STM32CubeIDE/plugins/com.st.stm32cube.ide.mcu.externaltools.gnu-tools-for-stm32.11.3.rel1.win32_1.1.1.202309131626/tools/bin/../lib/gcc/arm-none-eabi/11.3.1/../../../../arm-none-eabi/lib/thumb/v7e-m+fp/hard\libc_nano.a
LOAD C:/ST/STM32CubeIDE_1.13.2/STM32CubeIDE/plugins/com.st.stm32cube.ide.mcu.externaltools.gnu-tools-for-stm32.11.3.rel1.win32_1.1.1.202309131626/tools/bin/../lib/gcc/arm-none-eabi/11.3.1/../../../../arm-none-eabi/lib/thumb/v7e-m+fp/hard\libm.a
END GROUP
START GROUP
LOAD C:/ST/STM32CubeIDE_1.13.2/STM32CubeIDE/plugins/com.st.stm32cube.ide.mcu.externaltools.gnu-tools-for-stm32.11.3.rel1.win32_1.1.1.202309131626/tools/bin/../lib/gcc/arm-none-eabi/11.3.1/thumb/v7e-m+fp/hard\libgcc.a
LOAD C:/ST/STM32CubeIDE_1.13.2/STM32CubeIDE/plugins/com.st.stm32cube.ide.mcu.externaltools.gnu-tools-for-stm32.11.3.rel1.win32_1.1.1.202309131626/tools/bin/../lib/gcc/arm-none-eabi/11.3.1/../../../../arm-none-eabi/lib/thumb/v7e-m+fp/hard\libc_nano.a
END GROUP
START GROUP
LOAD C:/ST/STM32CubeIDE_1.13.2/STM32CubeIDE/plugins/com.st.stm32cube.ide.mcu.externaltools.gnu-tools-for-stm32.11.3.rel1.win32_1.1.1.202309131626/tools/bin/../lib/gcc/arm-none-eabi/11.3.1/thumb/v7e-m+fp/hard\libgcc.a
LOAD C:/ST/STM32CubeIDE_1.13.2/STM32CubeIDE/plugins/com.st.stm32cube.ide.mcu.externaltools.gnu-tools-for-stm32.11.3.rel1.win32_1.1.1.202309131626/tools/bin/../lib/gcc/arm-none-eabi/11.3.1/../../../../arm-none-eabi/lib/thumb/v7e-m+fp/hard\libc_nano.a
LOAD C:/ST/STM32CubeIDE_1.13.2/STM32CubeIDE/plugins/com.st.stm32cube.ide.mcu.externaltools.gnu-tools-for-stm32.11.3.rel1.win32_1.1.1.202309131626/tools/bin/../lib/gcc/arm-none-eabi/11.3.1/../../../../arm-none-eabi/lib/thumb/v7e-m+fp/hard\libnosys.a
END GROUP
START GROUP
LOAD C:/ST/STM32CubeIDE_1.13.2/STM32CubeIDE/plugins/com.st.stm32cube.ide.mcu.externaltools.gnu-tools-for-stm32.11.3.rel1.win32_1.1.1.202309131626/tools/bin/../lib/gcc/arm-none-eabi/11.3.1/thumb/v7e-m+fp/hard\libgcc.a
LOAD C:/ST/STM32CubeIDE_1.13.2/STM32CubeIDE/plugins/com.st.stm32cube.ide.mcu.externaltools.gnu-tools-for-stm32.11.3.rel1.win32_1.1.1.202309131626/tools/bin/../lib/gcc/arm-none-eabi/11.3.1/../../../../arm-none-eabi/lib/thumb/v7e-m+fp/hard\libc_nano.a
LOAD C:/ST/STM32CubeIDE_1.13.2/STM32CubeIDE/plugins/com.st.stm32cube.ide.mcu.externaltools.gnu-tools-for-stm32.11.3.rel1.win32_1.1.1.202309131626/tools/bin/../lib/gcc/arm-none-eabi/11.3.1/../../../../arm-none-eabi/lib/thumb/v7e-m+fp/hard\libnosys.a
END GROUP
LOAD C:/ST/STM32CubeIDE_1.13.2/STM32CubeIDE/plugins/com.st.stm32cube.ide.mcu.externaltools.gnu-tools-for-stm32.11.3.rel1.win32_1.1.1.202309131626/tools/bin/../lib/gcc/arm-none-eabi/11.3.1/thumb/v7e-m+fp/hard/crtend.o
LOAD C:/ST/STM32CubeIDE_1.13.2/STM32CubeIDE/plugins/com.st.stm32cube.ide.mcu.externaltools.gnu-tools-for-stm32.11.3.rel1.win32_1.1.1.202309131626/tools/bin/../lib/gcc/arm-none-eabi/11.3.1/thumb/v7e-m+fp/hard/crtn.o
                0x0000000020020000                _estack = (ORIGIN (RAM) + LENGTH (RAM))
                0x0000000000000200                _Min_Heap_Size = 0x200
                0x0000000000000400                _Min_Stack_Size = 0x400

.isr_vector     0x0000000008000000      0x198
                0x0000000008000000                . = ALIGN (0x4)
 *(.isr_vector)
 .isr_vector    0x0000000008000000      0x198 ./Core/Startup/startup_stm32f411retx.o
                0x0000000008000000                g_pfnVectors
                0x0000000008000198                . = ALIGN (0x4)

.text           0x00000000080001a0     0x7208
                0x00000000080001a0                . = ALIGN (0x4)
 *(.text)
 .text          0x00000000080001a0       0x40 C:/ST/STM32CubeIDE_1.13.2/STM32CubeIDE/plugins/com.st.stm32cube.ide.mcu.externaltools.gnu-tools-for-stm32.11.3.rel1.win32_1.1.1.202309131626/tools/bin/../lib/gcc/arm-none-eabi/11.3.1/thumb/v7e-m+fp/hard/crtbegin.o
 .text          0x00000000080001e0       0x10 C:/ST/STM32CubeIDE_1.13.2/STM32CubeIDE/plugins/com.st.stm32cube.ide.mcu.externaltools.gnu-tools-for-stm32.11.3.rel1.win32_1.1.1.202309131626/tools/bin/../lib/gcc/arm-none-eabi/11.3.1/../../../../arm-none-eabi/lib/thumb/v7e-m+fp/hard\libc_nano.a(libc_a-strlen.o)
                0x00000000080001e0                strlen
 .text          0x00000000080001f0       0xa0 C:/ST/STM32CubeIDE_1.13.2/STM32CubeIDE/plugins/com.st.stm32cube.ide.mcu.externaltools.gnu-tools-for-stm32.11.3.rel1.win32_1.1.1.202309131626/tools/bin/../lib/gcc/arm-none-eabi/11.3.1/../../../../arm-none-eabi/lib/thumb/v7e-m+fp/hard\libc_nano.a(libc_a-memchr.o)
                0x00000000080001f0                memchr
 .text          0x0000000008000290      0x378 C:/ST/STM32CubeIDE_1.13.2/STM32CubeIDE/plugins/com.st.stm32cube.ide.mcu.externaltools.gnu-tools-for-stm32.11.3.rel1.win32_1.1.1.202309131626/tools/bin/../lib/gcc/arm-none-eabi/11.3.1/thumb/v7e-m+fp/hard\libgcc.a(_arm_addsubdf3.o)
                0x0000000008000290                __aeabi_drsub
                0x0000000008000298                __aeabi_dsub
                0x0000000008000298                __subdf3
                0x000000000800029c                __aeabi_dadd
                0x000000000800029c                __adddf3
                0x0000000008000514                __floatunsidf
                0x0000000008000514                __aeabi_ui2d
                0x0000000008000534                __floatsidf
                0x0000000008000534                __aeabi_i2d
                0x0000000008000558                __aeabi_f2d
                0x0000000008000558                __extendsfdf2
                0x000000000800059c                __floatundidf
                0x000000000800059c                __aeabi_ul2d
                0x00000000080005ac                __floatdidf
                0x00000000080005ac                __aeabi_l2d
 .text          0x0000000008000608      0x424 C:/ST/STM32CubeIDE_1.13.2/STM32CubeIDE/plugins/com.st.stm32cube.ide.mcu.externaltools.gnu-tools-for-stm32.11.3.rel1.win32_1.1.1.202309131626/tools/bin/../lib/gcc/arm-none-eabi/11.3.1/thumb/v7e-m+fp/hard\libgcc.a(_arm_muldivdf3.o)
                0x0000000008000608                __aeabi_dmul
                0x0000000008000608                __muldf3
                0x000000000800085c                __divdf3
                0x000000000800085c                __aeabi_ddiv
 .text          0x0000000008000a2c      0x110 C:/ST/STM32CubeIDE_1.13.2/STM32CubeIDE/plugins/com.st.stm32cube.ide.mcu.externaltools.gnu-tools-for-stm32.11.3.rel1.win32_1.1.1.202309131626/tools/bin/../lib/gcc/arm-none-eabi/11.3.1/thumb/v7e-m+fp/hard\libgcc.a(_arm_cmpdf2.o)
                0x0000000008000a2c                __gtdf2
                0x0000000008000a2c                __gedf2
                0x0000000008000a34                __ltdf2
                0x0000000008000a34                __ledf2
                0x0000000008000a3c                __nedf2
                0x0000000008000a3c                __eqdf2
                0x0000000008000a3c                __cmpdf2
                0x0000000008000ab8                __aeabi_cdrcmple
                0x0000000008000ac8                __aeabi_cdcmpeq
                0x0000000008000ac8                __aeabi_cdcmple
                0x0000000008000ad8                __aeabi_dcmpeq
                0x0000000008000aec                __aeabi_dcmplt
                0x0000000008000b00                __aeabi_dcmple
                0x0000000008000b14                __aeabi_dcmpge
                0x0000000008000b28                __aeabi_dcmpgt
 .text          0x0000000008000b3c       0x2c C:/ST/STM32CubeIDE_1.13.2/STM32CubeIDE/plugins/com.st.stm32cube.ide.mcu.externaltools.gnu-tools-for-stm32.11.3.rel1.win32_1.1.1.202309131626/tools/bin/../lib/gcc/arm-none-eabi/11.3.1/thumb/v7e-m+fp/hard\libgcc.a(_arm_unorddf2.o)
                0x0000000008000b3c                __unorddf2
                0x0000000008000b3c                __aeabi_dcmpun
 .text          0x0000000008000b68       0x50 C:/ST/STM32CubeIDE_1.13.2/STM32CubeIDE/plugins/com.st.stm32cube.ide.mcu.externaltools.gnu-tools-for-stm32.11.3.rel1.win32_1.1.1.202309131626/tools/bin/../lib/gcc/arm-none-eabi/11.3.1/thumb/v7e-m+fp/hard\libgcc.a(_arm_fixdfsi.o)
                0x0000000008000b68                __aeabi_d2iz
                0x0000000008000b68                __fixdfsi
 .text          0x0000000008000bb8       0x30 C:/ST/STM32CubeIDE_1.13.2/STM32CubeIDE/plugins/com.st.stm32cube.ide.mcu.externaltools.gnu-tools-for-stm32.11.3.rel1.win32_1.1.1.202309131626/tools/bin/../lib/gcc/arm-none-eabi/11.3.1/thumb/v7e-m+fp/hard\libgcc.a(_aeabi_uldivmod.o)
                0x0000000008000bb8                __aeabi_uldivmod
 .text          0x0000000008000be8      0x2c8 C:/ST/STM32CubeIDE_1.13.2/STM32CubeIDE/plugins/com.st.stm32cube.ide.mcu.externaltools.gnu-tools-for-stm32.11.3.rel1.win32_1.1.1.202309131626/tools/bin/../lib/gcc/arm-none-eabi/11.3.1/thumb/v7e-m+fp/hard\libgcc.a(_udivmoddi4.o)
                0x0000000008000be8                __udivmoddi4
 .text          0x0000000008000eb0        0x4 C:/ST/STM32CubeIDE_1.13.2/STM32CubeIDE/plugins/com.st.stm32cube.ide.mcu.externaltools.gnu-tools-for-stm32.11.3.rel1.win32_1.1.1.202309131626/tools/bin/../lib/gcc/arm-none-eabi/11.3.1/thumb/v7e-m+fp/hard\libgcc.a(_dvmd_tls.o)
                0x0000000008000eb0                __aeabi_idiv0
                0x0000000008000eb0                __aeabi_ldiv0
 *(.text*)
 .text.TIM2_Init
                0x0000000008000eb4       0x9c ./Core/Src/Clock Configuration/Delay/delay.o
                0x0000000008000eb4                TIM2_Init
 .text.TIM2_IRQHandler
                0x0000000008000f50       0x48 ./Core/Src/Clock Configuration/Delay/delay.o
                0x0000000008000f50                TIM2_IRQHandler
 .text.startTimer
                0x0000000008000f98       0x38 ./Core/Src/Clock Configuration/Delay/delay.o
                0x0000000008000f98                startTimer
 .text.SystemClock_HSEConfig
                0x0000000008000fd0       0xd0 ./Core/Src/Clock Configuration/Rcc/rcc.o
                0x0000000008000fd0                SystemClock_HSEConfig
 .text.Error_Handler
                0x00000000080010a0        0xa ./Core/Src/Clock Configuration/Rcc/rcc.o
                0x00000000080010a0                Error_Handler
 .text.bufclr   0x00000000080010aa       0x3a ./Core/Src/Communication/ESP32/ESPDataLogger.o
                0x00000000080010aa                bufclr
 .text.ESP_Init
                0x00000000080010e4       0xb0 ./Core/Src/Communication/ESP32/ESPDataLogger.o
                0x00000000080010e4                ESP_Init
 .text.ESP_Send_Data
                0x0000000008001194       0xf8 ./Core/Src/Communication/ESP32/ESPDataLogger.o
                0x0000000008001194                ESP_Send_Data
 .text.ESP_Send_Multi
                0x000000000800128c      0x1bc ./Core/Src/Communication/ESP32/ESPDataLogger.o
                0x000000000800128c                ESP_Send_Multi
 .text.Ringbuf_init
                0x0000000008001448       0x50 ./Core/Src/Communication/ESP32/UartRingbuffer.o
                0x0000000008001448                Ringbuf_init
 .text.store_char
                0x0000000008001498       0x3e ./Core/Src/Communication/ESP32/UartRingbuffer.o
                0x0000000008001498                store_char
 *fill*         0x00000000080014d6        0x2 
 .text.Uart_flush
                0x00000000080014d8       0x20 ./Core/Src/Communication/ESP32/UartRingbuffer.o
                0x00000000080014d8                Uart_flush
 .text.Uart_read
                0x00000000080014f8       0x50 ./Core/Src/Communication/ESP32/UartRingbuffer.o
                0x00000000080014f8                Uart_read
 .text.Uart_write
                0x0000000008001548       0x68 ./Core/Src/Communication/ESP32/UartRingbuffer.o
                0x0000000008001548                Uart_write
 .text.IsDataAvailable
                0x00000000080015b0       0x30 ./Core/Src/Communication/ESP32/UartRingbuffer.o
                0x00000000080015b0                IsDataAvailable
 .text.Uart_sendstring
                0x00000000080015e0       0x2a ./Core/Src/Communication/ESP32/UartRingbuffer.o
                0x00000000080015e0                Uart_sendstring
 *fill*         0x000000000800160a        0x2 
 .text.Uart_peek
                0x000000000800160c       0x34 ./Core/Src/Communication/ESP32/UartRingbuffer.o
                0x000000000800160c                Uart_peek
 .text.Wait_for
                0x0000000008001640       0xa8 ./Core/Src/Communication/ESP32/UartRingbuffer.o
                0x0000000008001640                Wait_for
 .text.Uart_isr
                0x00000000080016e8       0xb4 ./Core/Src/Communication/ESP32/UartRingbuffer.o
                0x00000000080016e8                Uart_isr
 .text.newLoRa  0x000000000800179c       0x78 ./Core/Src/Communication/LoRa/lora.o
                0x000000000800179c                newLoRa
 .text.LoRa_gotoMode
                0x0000000008001814       0xc2 ./Core/Src/Communication/LoRa/lora.o
                0x0000000008001814                LoRa_gotoMode
 .text.LoRa_readReg
                0x00000000080018d6       0x7c ./Core/Src/Communication/LoRa/lora.o
                0x00000000080018d6                LoRa_readReg
 .text.LoRa_writeReg
                0x0000000008001952       0x7c ./Core/Src/Communication/LoRa/lora.o
                0x0000000008001952                LoRa_writeReg
 .text.LoRa_setLowDaraRateOptimization
                0x00000000080019ce       0x4a ./Core/Src/Communication/LoRa/lora.o
                0x00000000080019ce                LoRa_setLowDaraRateOptimization
 .text.LoRa_setAutoLDO
                0x0000000008001a18       0x6c ./Core/Src/Communication/LoRa/lora.o
                0x0000000008001a18                LoRa_setAutoLDO
 .text.LoRa_setFrequency
                0x0000000008001a84       0x60 ./Core/Src/Communication/LoRa/lora.o
                0x0000000008001a84                LoRa_setFrequency
 .text.LoRa_setSpreadingFactor
                0x0000000008001ae4       0x64 ./Core/Src/Communication/LoRa/lora.o
                0x0000000008001ae4                LoRa_setSpreadingFactor
 .text.LoRa_setPower
                0x0000000008001b48       0x26 ./Core/Src/Communication/LoRa/lora.o
                0x0000000008001b48                LoRa_setPower
 *fill*         0x0000000008001b6e        0x2 
 .text.LoRa_setOCP
                0x0000000008001b70       0x7c ./Core/Src/Communication/LoRa/lora.o
                0x0000000008001b70                LoRa_setOCP
 .text.LoRa_setTOMsb_setCRCon
                0x0000000008001bec       0x36 ./Core/Src/Communication/LoRa/lora.o
                0x0000000008001bec                LoRa_setTOMsb_setCRCon
 .text.LoRa_read
                0x0000000008001c22       0x34 ./Core/Src/Communication/LoRa/lora.o
                0x0000000008001c22                LoRa_read
 .text.LoRa_write
                0x0000000008001c56       0x3a ./Core/Src/Communication/LoRa/lora.o
                0x0000000008001c56                LoRa_write
 .text.LoRa_BurstWrite
                0x0000000008001c90       0x8e ./Core/Src/Communication/LoRa/lora.o
                0x0000000008001c90                LoRa_BurstWrite
 .text.LoRa_isvalid
                0x0000000008001d1e       0x16 ./Core/Src/Communication/LoRa/lora.o
                0x0000000008001d1e                LoRa_isvalid
 .text.LoRa_transmit
                0x0000000008001d34       0xb0 ./Core/Src/Communication/LoRa/lora.o
                0x0000000008001d34                LoRa_transmit
 .text.LoRa_startReceiving
                0x0000000008001de4       0x18 ./Core/Src/Communication/LoRa/lora.o
                0x0000000008001de4                LoRa_startReceiving
 .text.LoRa_receive
                0x0000000008001dfc       0xc0 ./Core/Src/Communication/LoRa/lora.o
                0x0000000008001dfc                LoRa_receive
 .text.LoRa_init
                0x0000000008001ebc      0x14e ./Core/Src/Communication/LoRa/lora.o
                0x0000000008001ebc                LoRa_init
 *fill*         0x000000000800200a        0x2 
 .text.ADC_Init
                0x000000000800200c       0xf0 ./Core/Src/Connections/ADC/adc.o
                0x000000000800200c                ADC_Init
 .text.GPIOA_PA1_Init
                0x00000000080020fc       0x3c ./Core/Src/Connections/ADC/adc.o
                0x00000000080020fc                GPIOA_PA1_Init
 .text.I2C_Config
                0x0000000008002138       0xac ./Core/Src/Connections/I2C/i2c.o
                0x0000000008002138                I2C_Config
 .text.I2C_Write
                0x00000000080021e4       0x40 ./Core/Src/Connections/I2C/i2c.o
                0x00000000080021e4                I2C_Write
 .text.I2C_Address
                0x0000000008002224       0x40 ./Core/Src/Connections/I2C/i2c.o
                0x0000000008002224                I2C_Address
 .text.I2C_Start
                0x0000000008002264       0x3c ./Core/Src/Connections/I2C/i2c.o
                0x0000000008002264                I2C_Start
 .text.I2C_Stop
                0x00000000080022a0       0x20 ./Core/Src/Connections/I2C/i2c.o
                0x00000000080022a0                I2C_Stop
 .text.I2C_Read
                0x00000000080022c0      0x14c ./Core/Src/Connections/I2C/i2c.o
                0x00000000080022c0                I2C_Read
 .text.SPI_Init
                0x000000000800240c       0x6c ./Core/Src/Connections/Spi/spi.o
                0x000000000800240c                SPI_Init
 .text.SPI1_GPIOA_Init
                0x0000000008002478       0x90 ./Core/Src/Connections/Spi/spi.o
                0x0000000008002478                SPI1_GPIOA_Init
 .text.SPI1_GPIOB_Init
                0x0000000008002508       0xf8 ./Core/Src/Connections/Spi/spi.o
                0x0000000008002508                SPI1_GPIOB_Init
 .text.GY521_Write
                0x0000000008002600       0x3a ./Core/Src/Sensors/GY521/gy521.o
                0x0000000008002600                GY521_Write
 .text.GY521_Read
                0x000000000800263a       0x48 ./Core/Src/Sensors/GY521/gy521.o
                0x000000000800263a                GY521_Read
 *fill*         0x0000000008002682        0x2 
 .text.GY521_Read_Accel
                0x0000000008002684      0x108 ./Core/Src/Sensors/GY521/gy521.o
                0x0000000008002684                GY521_Read_Accel
 .text.GY521_Init
                0x000000000800278c       0x64 ./Core/Src/Sensors/GY521/gy521.o
                0x000000000800278c                GY521_Init
 .text.Moisture_Init
                0x00000000080027f0        0xc ./Core/Src/Sensors/Moisture/moisture.o
                0x00000000080027f0                Moisture_Init
 .text.getMoistureValue
                0x00000000080027fc       0x48 ./Core/Src/Sensors/Moisture/moisture.o
                0x00000000080027fc                getMoistureValue
 .text.Vibration_Init
                0x0000000008002844        0xc ./Core/Src/Sensors/Vibration/vibration.o
                0x0000000008002844                Vibration_Init
 .text.getVibrationValue
                0x0000000008002850       0x48 ./Core/Src/Sensors/Vibration/vibration.o
                0x0000000008002850                getVibrationValue
 .text.main     0x0000000008002898       0x1a ./Core/Src/main.o
                0x0000000008002898                main
 *fill*         0x00000000080028b2        0x2 
 .text.doMasterNode
                0x00000000080028b4      0x22c ./Core/Src/main.o
                0x00000000080028b4                doMasterNode
 .text.doSensorNode
                0x0000000008002ae0      0x29c ./Core/Src/main.o
                0x0000000008002ae0                doSensorNode
 .text.initializeSystem
                0x0000000008002d7c       0xb4 ./Core/Src/main.o
                0x0000000008002d7c                initializeSystem
 .text.IWDG_Init
                0x0000000008002e30       0x38 ./Core/Src/main.o
                0x0000000008002e30                IWDG_Init
 .text.IWDG_Refresh
                0x0000000008002e68       0x1c ./Core/Src/main.o
                0x0000000008002e68                IWDG_Refresh
 *fill*         0x0000000008002e84        0x4 
 .text.floatToString
                0x0000000008002e88       0xcc ./Core/Src/main.o
                0x0000000008002e88                floatToString
 .text.removeFirstChar
                0x0000000008002f54       0x42 ./Core/Src/main.o
                0x0000000008002f54                removeFirstChar
 .text.NMI_Handler
                0x0000000008002f96        0x6 ./Core/Src/stm32f4xx_it.o
                0x0000000008002f96                NMI_Handler
 .text.HardFault_Handler
                0x0000000008002f9c        0x6 ./Core/Src/stm32f4xx_it.o
                0x0000000008002f9c                HardFault_Handler
 .text.MemManage_Handler
                0x0000000008002fa2        0x6 ./Core/Src/stm32f4xx_it.o
                0x0000000008002fa2                MemManage_Handler
 .text.BusFault_Handler
                0x0000000008002fa8        0x6 ./Core/Src/stm32f4xx_it.o
                0x0000000008002fa8                BusFault_Handler
 .text.UsageFault_Handler
                0x0000000008002fae        0x6 ./Core/Src/stm32f4xx_it.o
                0x0000000008002fae                UsageFault_Handler
 .text.SVC_Handler
                0x0000000008002fb4        0xe ./Core/Src/stm32f4xx_it.o
                0x0000000008002fb4                SVC_Handler
 .text.DebugMon_Handler
                0x0000000008002fc2        0xe ./Core/Src/stm32f4xx_it.o
                0x0000000008002fc2                DebugMon_Handler
 .text.PendSV_Handler
                0x0000000008002fd0        0xe ./Core/Src/stm32f4xx_it.o
                0x0000000008002fd0                PendSV_Handler
 .text.SysTick_Handler
                0x0000000008002fde        0xc ./Core/Src/stm32f4xx_it.o
                0x0000000008002fde                SysTick_Handler
 *fill*         0x0000000008002fea        0x2 
 .text.USART1_IRQHandler
                0x0000000008002fec       0x18 ./Core/Src/stm32f4xx_it.o
                0x0000000008002fec                USART1_IRQHandler
 .text._sbrk    0x0000000008003004       0x6c ./Core/Src/sysmem.o
                0x0000000008003004                _sbrk
 .text.SystemInit
                0x0000000008003070       0x24 ./Core/Src/system_stm32f4xx.o
                0x0000000008003070                SystemInit
 .text.MX_USART1_UART_Init
                0x0000000008003094       0x48 ./Core/Src/usart.o
                0x0000000008003094                MX_USART1_UART_Init
 .text.HAL_UART_MspInit
                0x00000000080030dc       0xa0 ./Core/Src/usart.o
                0x00000000080030dc                HAL_UART_MspInit
 .text.Reset_Handler
                0x000000000800317c       0x50 ./Core/Startup/startup_stm32f411retx.o
                0x000000000800317c                Reset_Handler
 .text.Default_Handler
                0x00000000080031cc        0x2 ./Core/Startup/startup_stm32f411retx.o
                0x00000000080031cc                RTC_Alarm_IRQHandler
                0x00000000080031cc                EXTI2_IRQHandler
                0x00000000080031cc                SPI4_IRQHandler
                0x00000000080031cc                TIM1_CC_IRQHandler
                0x00000000080031cc                DMA2_Stream5_IRQHandler
                0x00000000080031cc                DMA1_Stream5_IRQHandler
                0x00000000080031cc                PVD_IRQHandler
                0x00000000080031cc                SDIO_IRQHandler
                0x00000000080031cc                TAMP_STAMP_IRQHandler
                0x00000000080031cc                EXTI3_IRQHandler
                0x00000000080031cc                TIM1_UP_TIM10_IRQHandler
                0x00000000080031cc                I2C3_ER_IRQHandler
                0x00000000080031cc                EXTI0_IRQHandler
                0x00000000080031cc                I2C2_EV_IRQHandler
                0x00000000080031cc                DMA1_Stream2_IRQHandler
                0x00000000080031cc                FPU_IRQHandler
                0x00000000080031cc                DMA2_Stream2_IRQHandler
                0x00000000080031cc                SPI1_IRQHandler
                0x00000000080031cc                TIM1_BRK_TIM9_IRQHandler
                0x00000000080031cc                DMA2_Stream3_IRQHandler
                0x00000000080031cc                USART6_IRQHandler
                0x00000000080031cc                DMA2_Stream0_IRQHandler
                0x00000000080031cc                TIM4_IRQHandler
                0x00000000080031cc                I2C1_EV_IRQHandler
                0x00000000080031cc                DMA1_Stream6_IRQHandler
                0x00000000080031cc                DMA1_Stream1_IRQHandler
                0x00000000080031cc                TIM3_IRQHandler
                0x00000000080031cc                RCC_IRQHandler
                0x00000000080031cc                Default_Handler
                0x00000000080031cc                EXTI15_10_IRQHandler
                0x00000000080031cc                ADC_IRQHandler
                0x00000000080031cc                DMA1_Stream7_IRQHandler
                0x00000000080031cc                SPI5_IRQHandler
                0x00000000080031cc                TIM5_IRQHandler
                0x00000000080031cc                DMA2_Stream7_IRQHandler
                0x00000000080031cc                I2C3_EV_IRQHandler
                0x00000000080031cc                EXTI9_5_IRQHandler
                0x00000000080031cc                RTC_WKUP_IRQHandler
                0x00000000080031cc                SPI2_IRQHandler
                0x00000000080031cc                DMA1_Stream0_IRQHandler
                0x00000000080031cc                EXTI4_IRQHandler
                0x00000000080031cc                WWDG_IRQHandler
                0x00000000080031cc                OTG_FS_WKUP_IRQHandler
                0x00000000080031cc                TIM1_TRG_COM_TIM11_IRQHandler
                0x00000000080031cc                EXTI1_IRQHandler
                0x00000000080031cc                USART2_IRQHandler
                0x00000000080031cc                I2C2_ER_IRQHandler
                0x00000000080031cc                DMA2_Stream1_IRQHandler
                0x00000000080031cc                FLASH_IRQHandler
                0x00000000080031cc                DMA2_Stream4_IRQHandler
                0x00000000080031cc                OTG_FS_IRQHandler
                0x00000000080031cc                SPI3_IRQHandler
                0x00000000080031cc                DMA1_Stream4_IRQHandler
                0x00000000080031cc                I2C1_ER_IRQHandler
                0x00000000080031cc                DMA2_Stream6_IRQHandler
                0x00000000080031cc                DMA1_Stream3_IRQHandler
 *fill*         0x00000000080031ce        0x2 
 .text.HAL_InitTick
                0x00000000080031d0       0x60 ./Drivers/STM32F4xx_HAL_Driver/Src/stm32f4xx_hal.o
                0x00000000080031d0                HAL_InitTick
 .text.HAL_IncTick
                0x0000000008003230       0x28 ./Drivers/STM32F4xx_HAL_Driver/Src/stm32f4xx_hal.o
                0x0000000008003230                HAL_IncTick
 .text.HAL_GetTick
                0x0000000008003258       0x18 ./Drivers/STM32F4xx_HAL_Driver/Src/stm32f4xx_hal.o
                0x0000000008003258                HAL_GetTick
 .text.HAL_Delay
                0x0000000008003270       0x48 ./Drivers/STM32F4xx_HAL_Driver/Src/stm32f4xx_hal.o
                0x0000000008003270                HAL_Delay
 .text.__NVIC_GetPriorityGrouping
                0x00000000080032b8       0x1c ./Drivers/STM32F4xx_HAL_Driver/Src/stm32f4xx_hal_cortex.o
 .text.__NVIC_EnableIRQ
                0x00000000080032d4       0x3c ./Drivers/STM32F4xx_HAL_Driver/Src/stm32f4xx_hal_cortex.o
 .text.__NVIC_SetPriority
                0x0000000008003310       0x54 ./Drivers/STM32F4xx_HAL_Driver/Src/stm32f4xx_hal_cortex.o
 .text.NVIC_EncodePriority
                0x0000000008003364       0x66 ./Drivers/STM32F4xx_HAL_Driver/Src/stm32f4xx_hal_cortex.o
 *fill*         0x00000000080033ca        0x2 
 .text.SysTick_Config
                0x00000000080033cc       0x44 ./Drivers/STM32F4xx_HAL_Driver/Src/stm32f4xx_hal_cortex.o
 .text.HAL_NVIC_SetPriority
                0x0000000008003410       0x38 ./Drivers/STM32F4xx_HAL_Driver/Src/stm32f4xx_hal_cortex.o
                0x0000000008003410                HAL_NVIC_SetPriority
 .text.HAL_NVIC_EnableIRQ
                0x0000000008003448       0x1c ./Drivers/STM32F4xx_HAL_Driver/Src/stm32f4xx_hal_cortex.o
                0x0000000008003448                HAL_NVIC_EnableIRQ
 .text.HAL_SYSTICK_Config
                0x0000000008003464       0x18 ./Drivers/STM32F4xx_HAL_Driver/Src/stm32f4xx_hal_cortex.o
                0x0000000008003464                HAL_SYSTICK_Config
 .text.HAL_DMA_Abort
                0x000000000800347c       0xe0 ./Drivers/STM32F4xx_HAL_Driver/Src/stm32f4xx_hal_dma.o
                0x000000000800347c                HAL_DMA_Abort
 .text.HAL_DMA_Abort_IT
                0x000000000800355c       0x44 ./Drivers/STM32F4xx_HAL_Driver/Src/stm32f4xx_hal_dma.o
                0x000000000800355c                HAL_DMA_Abort_IT
 .text.HAL_GPIO_Init
                0x00000000080035a0      0x308 ./Drivers/STM32F4xx_HAL_Driver/Src/stm32f4xx_hal_gpio.o
                0x00000000080035a0                HAL_GPIO_Init
 .text.HAL_GPIO_WritePin
                0x00000000080038a8       0x32 ./Drivers/STM32F4xx_HAL_Driver/Src/stm32f4xx_hal_gpio.o
                0x00000000080038a8                HAL_GPIO_WritePin
 *fill*         0x00000000080038da        0x2 
 .text.HAL_RCC_OscConfig
                0x00000000080038dc      0x4f0 ./Drivers/STM32F4xx_HAL_Driver/Src/stm32f4xx_hal_rcc.o
                0x00000000080038dc                HAL_RCC_OscConfig
 .text.HAL_RCC_ClockConfig
                0x0000000008003dcc      0x1cc ./Drivers/STM32F4xx_HAL_Driver/Src/stm32f4xx_hal_rcc.o
                0x0000000008003dcc                HAL_RCC_ClockConfig
 .text.HAL_RCC_GetSysClockFreq
                0x0000000008003f98      0x20c ./Drivers/STM32F4xx_HAL_Driver/Src/stm32f4xx_hal_rcc.o
                0x0000000008003f98                HAL_RCC_GetSysClockFreq
 .text.HAL_RCC_GetHCLKFreq
                0x00000000080041a4       0x18 ./Drivers/STM32F4xx_HAL_Driver/Src/stm32f4xx_hal_rcc.o
                0x00000000080041a4                HAL_RCC_GetHCLKFreq
 .text.HAL_RCC_GetPCLK1Freq
                0x00000000080041bc       0x28 ./Drivers/STM32F4xx_HAL_Driver/Src/stm32f4xx_hal_rcc.o
                0x00000000080041bc                HAL_RCC_GetPCLK1Freq
 .text.HAL_RCC_GetPCLK2Freq
                0x00000000080041e4       0x28 ./Drivers/STM32F4xx_HAL_Driver/Src/stm32f4xx_hal_rcc.o
                0x00000000080041e4                HAL_RCC_GetPCLK2Freq
 .text.HAL_SPI_Init
                0x000000000800420c      0x112 ./Drivers/STM32F4xx_HAL_Driver/Src/stm32f4xx_hal_spi.o
                0x000000000800420c                HAL_SPI_Init
 .text.HAL_SPI_MspInit
                0x000000000800431e       0x14 ./Drivers/STM32F4xx_HAL_Driver/Src/stm32f4xx_hal_spi.o
                0x000000000800431e                HAL_SPI_MspInit
 .text.HAL_SPI_Transmit
                0x0000000008004332      0x278 ./Drivers/STM32F4xx_HAL_Driver/Src/stm32f4xx_hal_spi.o
                0x0000000008004332                HAL_SPI_Transmit
 .text.HAL_SPI_Receive
                0x00000000080045aa      0x222 ./Drivers/STM32F4xx_HAL_Driver/Src/stm32f4xx_hal_spi.o
                0x00000000080045aa                HAL_SPI_Receive
 .text.HAL_SPI_TransmitReceive
                0x00000000080047cc      0x344 ./Drivers/STM32F4xx_HAL_Driver/Src/stm32f4xx_hal_spi.o
                0x00000000080047cc                HAL_SPI_TransmitReceive
 .text.HAL_SPI_GetState
                0x0000000008004b10       0x1c ./Drivers/STM32F4xx_HAL_Driver/Src/stm32f4xx_hal_spi.o
                0x0000000008004b10                HAL_SPI_GetState
 .text.SPI_WaitFlagStateUntilTimeout
                0x0000000008004b2c      0x110 ./Drivers/STM32F4xx_HAL_Driver/Src/stm32f4xx_hal_spi.o
 .text.SPI_EndRxTransaction
                0x0000000008004c3c       0xca ./Drivers/STM32F4xx_HAL_Driver/Src/stm32f4xx_hal_spi.o
 *fill*         0x0000000008004d06        0x2 
 .text.SPI_EndRxTxTransaction
                0x0000000008004d08       0x84 ./Drivers/STM32F4xx_HAL_Driver/Src/stm32f4xx_hal_spi.o
 .text.HAL_UART_Init
                0x0000000008004d8c       0x9a ./Drivers/STM32F4xx_HAL_Driver/Src/stm32f4xx_hal_uart.o
                0x0000000008004d8c                HAL_UART_Init
 *fill*         0x0000000008004e26        0x2 
 .text.HAL_UART_IRQHandler
                0x0000000008004e28      0x51c ./Drivers/STM32F4xx_HAL_Driver/Src/stm32f4xx_hal_uart.o
                0x0000000008004e28                HAL_UART_IRQHandler
 .text.HAL_UART_TxCpltCallback
                0x0000000008005344       0x14 ./Drivers/STM32F4xx_HAL_Driver/Src/stm32f4xx_hal_uart.o
                0x0000000008005344                HAL_UART_TxCpltCallback
 .text.HAL_UART_RxCpltCallback
                0x0000000008005358       0x14 ./Drivers/STM32F4xx_HAL_Driver/Src/stm32f4xx_hal_uart.o
                0x0000000008005358                HAL_UART_RxCpltCallback
 .text.HAL_UART_ErrorCallback
                0x000000000800536c       0x14 ./Drivers/STM32F4xx_HAL_Driver/Src/stm32f4xx_hal_uart.o
                0x000000000800536c                HAL_UART_ErrorCallback
 .text.HAL_UARTEx_RxEventCallback
                0x0000000008005380       0x18 ./Drivers/STM32F4xx_HAL_Driver/Src/stm32f4xx_hal_uart.o
                0x0000000008005380                HAL_UARTEx_RxEventCallback
 .text.UART_EndRxTransfer
                0x0000000008005398       0xc6 ./Drivers/STM32F4xx_HAL_Driver/Src/stm32f4xx_hal_uart.o
 .text.UART_DMAAbortOnError
                0x000000000800545e       0x28 ./Drivers/STM32F4xx_HAL_Driver/Src/stm32f4xx_hal_uart.o
 .text.UART_Transmit_IT
                0x0000000008005486       0xa0 ./Drivers/STM32F4xx_HAL_Driver/Src/stm32f4xx_hal_uart.o
 .text.UART_EndTransmit_IT
                0x0000000008005526       0x30 ./Drivers/STM32F4xx_HAL_Driver/Src/stm32f4xx_hal_uart.o
 .text.UART_Receive_IT
                0x0000000008005556      0x176 ./Drivers/STM32F4xx_HAL_Driver/Src/stm32f4xx_hal_uart.o
 .text.UART_SetConfig
                0x00000000080056cc      0x4e8 ./Drivers/STM32F4xx_HAL_Driver/Src/stm32f4xx_hal_uart.o
 .text.sprintf  0x0000000008005bb4       0x40 C:/ST/STM32CubeIDE_1.13.2/STM32CubeIDE/plugins/com.st.stm32cube.ide.mcu.externaltools.gnu-tools-for-stm32.11.3.rel1.win32_1.1.1.202309131626/tools/bin/../lib/gcc/arm-none-eabi/11.3.1/../../../../arm-none-eabi/lib/thumb/v7e-m+fp/hard\libc_nano.a(libc_a-sprintf.o)
                0x0000000008005bb4                siprintf
                0x0000000008005bb4                sprintf
 .text.memset   0x0000000008005bf4       0x10 C:/ST/STM32CubeIDE_1.13.2/STM32CubeIDE/plugins/com.st.stm32cube.ide.mcu.externaltools.gnu-tools-for-stm32.11.3.rel1.win32_1.1.1.202309131626/tools/bin/../lib/gcc/arm-none-eabi/11.3.1/../../../../arm-none-eabi/lib/thumb/v7e-m+fp/hard\libc_nano.a(libc_a-memset.o)
                0x0000000008005bf4                memset
 .text.strcat   0x0000000008005c04       0x1e C:/ST/STM32CubeIDE_1.13.2/STM32CubeIDE/plugins/com.st.stm32cube.ide.mcu.externaltools.gnu-tools-for-stm32.11.3.rel1.win32_1.1.1.202309131626/tools/bin/../lib/gcc/arm-none-eabi/11.3.1/../../../../arm-none-eabi/lib/thumb/v7e-m+fp/hard\libc_nano.a(libc_a-strcat.o)
                0x0000000008005c04                strcat
 *fill*         0x0000000008005c22        0x2 
 .text.__errno  0x0000000008005c24        0xc C:/ST/STM32CubeIDE_1.13.2/STM32CubeIDE/plugins/com.st.stm32cube.ide.mcu.externaltools.gnu-tools-for-stm32.11.3.rel1.win32_1.1.1.202309131626/tools/bin/../lib/gcc/arm-none-eabi/11.3.1/../../../../arm-none-eabi/lib/thumb/v7e-m+fp/hard\libc_nano.a(libc_a-errno.o)
                0x0000000008005c24                __errno
 .text.__libc_init_array
                0x0000000008005c30       0x48 C:/ST/STM32CubeIDE_1.13.2/STM32CubeIDE/plugins/com.st.stm32cube.ide.mcu.externaltools.gnu-tools-for-stm32.11.3.rel1.win32_1.1.1.202309131626/tools/bin/../lib/gcc/arm-none-eabi/11.3.1/../../../../arm-none-eabi/lib/thumb/v7e-m+fp/hard\libc_nano.a(libc_a-init.o)
                0x0000000008005c30                __libc_init_array
 .text.__retarget_lock_acquire_recursive
                0x0000000008005c78        0x2 C:/ST/STM32CubeIDE_1.13.2/STM32CubeIDE/plugins/com.st.stm32cube.ide.mcu.externaltools.gnu-tools-for-stm32.11.3.rel1.win32_1.1.1.202309131626/tools/bin/../lib/gcc/arm-none-eabi/11.3.1/../../../../arm-none-eabi/lib/thumb/v7e-m+fp/hard\libc_nano.a(libc_a-lock.o)
                0x0000000008005c78                __retarget_lock_acquire_recursive
 .text.__retarget_lock_release_recursive
                0x0000000008005c7a        0x2 C:/ST/STM32CubeIDE_1.13.2/STM32CubeIDE/plugins/com.st.stm32cube.ide.mcu.externaltools.gnu-tools-for-stm32.11.3.rel1.win32_1.1.1.202309131626/tools/bin/../lib/gcc/arm-none-eabi/11.3.1/../../../../arm-none-eabi/lib/thumb/v7e-m+fp/hard\libc_nano.a(libc_a-lock.o)
                0x0000000008005c7a                __retarget_lock_release_recursive
 .text.memcpy   0x0000000008005c7c       0x1c C:/ST/STM32CubeIDE_1.13.2/STM32CubeIDE/plugins/com.st.stm32cube.ide.mcu.externaltools.gnu-tools-for-stm32.11.3.rel1.win32_1.1.1.202309131626/tools/bin/../lib/gcc/arm-none-eabi/11.3.1/../../../../arm-none-eabi/lib/thumb/v7e-m+fp/hard\libc_nano.a(libc_a-memcpy-stub.o)
                0x0000000008005c7c                memcpy
 .text._free_r  0x0000000008005c98       0x98 C:/ST/STM32CubeIDE_1.13.2/STM32CubeIDE/plugins/com.st.stm32cube.ide.mcu.externaltools.gnu-tools-for-stm32.11.3.rel1.win32_1.1.1.202309131626/tools/bin/../lib/gcc/arm-none-eabi/11.3.1/../../../../arm-none-eabi/lib/thumb/v7e-m+fp/hard\libc_nano.a(libc_a-freer.o)
                0x0000000008005c98                _free_r
 .text.sbrk_aligned
                0x0000000008005d30       0x40 C:/ST/STM32CubeIDE_1.13.2/STM32CubeIDE/plugins/com.st.stm32cube.ide.mcu.externaltools.gnu-tools-for-stm32.11.3.rel1.win32_1.1.1.202309131626/tools/bin/../lib/gcc/arm-none-eabi/11.3.1/../../../../arm-none-eabi/lib/thumb/v7e-m+fp/hard\libc_nano.a(libc_a-mallocr.o)
 .text._malloc_r
                0x0000000008005d70      0x100 C:/ST/STM32CubeIDE_1.13.2/STM32CubeIDE/plugins/com.st.stm32cube.ide.mcu.externaltools.gnu-tools-for-stm32.11.3.rel1.win32_1.1.1.202309131626/tools/bin/../lib/gcc/arm-none-eabi/11.3.1/../../../../arm-none-eabi/lib/thumb/v7e-m+fp/hard\libc_nano.a(libc_a-mallocr.o)
                0x0000000008005d70                _malloc_r
 .text.__malloc_lock
                0x0000000008005e70        0xc C:/ST/STM32CubeIDE_1.13.2/STM32CubeIDE/plugins/com.st.stm32cube.ide.mcu.externaltools.gnu-tools-for-stm32.11.3.rel1.win32_1.1.1.202309131626/tools/bin/../lib/gcc/arm-none-eabi/11.3.1/../../../../arm-none-eabi/lib/thumb/v7e-m+fp/hard\libc_nano.a(libc_a-mlock.o)
                0x0000000008005e70                __malloc_lock
 .text.__malloc_unlock
                0x0000000008005e7c        0xc C:/ST/STM32CubeIDE_1.13.2/STM32CubeIDE/plugins/com.st.stm32cube.ide.mcu.externaltools.gnu-tools-for-stm32.11.3.rel1.win32_1.1.1.202309131626/tools/bin/../lib/gcc/arm-none-eabi/11.3.1/../../../../arm-none-eabi/lib/thumb/v7e-m+fp/hard\libc_nano.a(libc_a-mlock.o)
                0x0000000008005e7c                __malloc_unlock
 .text.__ssputs_r
                0x0000000008005e88       0xb4 C:/ST/STM32CubeIDE_1.13.2/STM32CubeIDE/plugins/com.st.stm32cube.ide.mcu.externaltools.gnu-tools-for-stm32.11.3.rel1.win32_1.1.1.202309131626/tools/bin/../lib/gcc/arm-none-eabi/11.3.1/../../../../arm-none-eabi/lib/thumb/v7e-m+fp/hard\libc_nano.a(libc_a-nano-svfprintf.o)
                0x0000000008005e88                __ssputs_r
 .text._svfprintf_r
                0x0000000008005f3c      0x1fc C:/ST/STM32CubeIDE_1.13.2/STM32CubeIDE/plugins/com.st.stm32cube.ide.mcu.externaltools.gnu-tools-for-stm32.11.3.rel1.win32_1.1.1.202309131626/tools/bin/../lib/gcc/arm-none-eabi/11.3.1/../../../../arm-none-eabi/lib/thumb/v7e-m+fp/hard\libc_nano.a(libc_a-nano-svfprintf.o)
                0x0000000008005f3c                _svfiprintf_r
                0x0000000008005f3c                _svfprintf_r
 .text._printf_common
                0x0000000008006138       0xda C:/ST/STM32CubeIDE_1.13.2/STM32CubeIDE/plugins/com.st.stm32cube.ide.mcu.externaltools.gnu-tools-for-stm32.11.3.rel1.win32_1.1.1.202309131626/tools/bin/../lib/gcc/arm-none-eabi/11.3.1/../../../../arm-none-eabi/lib/thumb/v7e-m+fp/hard\libc_nano.a(libc_a-nano-vfprintf_i.o)
                0x0000000008006138                _printf_common
 *fill*         0x0000000008006212        0x2 
 .text._printf_i
                0x0000000008006214      0x244 C:/ST/STM32CubeIDE_1.13.2/STM32CubeIDE/plugins/com.st.stm32cube.ide.mcu.externaltools.gnu-tools-for-stm32.11.3.rel1.win32_1.1.1.202309131626/tools/bin/../lib/gcc/arm-none-eabi/11.3.1/../../../../arm-none-eabi/lib/thumb/v7e-m+fp/hard\libc_nano.a(libc_a-nano-vfprintf_i.o)
                0x0000000008006214                _printf_i
 .text.memmove  0x0000000008006458       0x34 C:/ST/STM32CubeIDE_1.13.2/STM32CubeIDE/plugins/com.st.stm32cube.ide.mcu.externaltools.gnu-tools-for-stm32.11.3.rel1.win32_1.1.1.202309131626/tools/bin/../lib/gcc/arm-none-eabi/11.3.1/../../../../arm-none-eabi/lib/thumb/v7e-m+fp/hard\libc_nano.a(libc_a-memmove.o)
                0x0000000008006458                memmove
 .text._sbrk_r  0x000000000800648c       0x20 C:/ST/STM32CubeIDE_1.13.2/STM32CubeIDE/plugins/com.st.stm32cube.ide.mcu.externaltools.gnu-tools-for-stm32.11.3.rel1.win32_1.1.1.202309131626/tools/bin/../lib/gcc/arm-none-eabi/11.3.1/../../../../arm-none-eabi/lib/thumb/v7e-m+fp/hard\libc_nano.a(libc_a-sbrkr.o)
                0x000000000800648c                _sbrk_r
 .text._realloc_r
                0x00000000080064ac       0x5e C:/ST/STM32CubeIDE_1.13.2/STM32CubeIDE/plugins/com.st.stm32cube.ide.mcu.externaltools.gnu-tools-for-stm32.11.3.rel1.win32_1.1.1.202309131626/tools/bin/../lib/gcc/arm-none-eabi/11.3.1/../../../../arm-none-eabi/lib/thumb/v7e-m+fp/hard\libc_nano.a(libc_a-reallocr.o)
                0x00000000080064ac                _realloc_r
 .text._malloc_usable_size_r
                0x000000000800650a       0x10 C:/ST/STM32CubeIDE_1.13.2/STM32CubeIDE/plugins/com.st.stm32cube.ide.mcu.externaltools.gnu-tools-for-stm32.11.3.rel1.win32_1.1.1.202309131626/tools/bin/../lib/gcc/arm-none-eabi/11.3.1/../../../../arm-none-eabi/lib/thumb/v7e-m+fp/hard\libc_nano.a(libc_a-msizer.o)
                0x000000000800650a                _malloc_usable_size_r
 *fill*         0x000000000800651a        0x2 
 .text.pow      0x000000000800651c       0xe0 C:/ST/STM32CubeIDE_1.13.2/STM32CubeIDE/plugins/com.st.stm32cube.ide.mcu.externaltools.gnu-tools-for-stm32.11.3.rel1.win32_1.1.1.202309131626/tools/bin/../lib/gcc/arm-none-eabi/11.3.1/../../../../arm-none-eabi/lib/thumb/v7e-m+fp/hard\libm.a(libm_a-w_pow.o)
                0x000000000800651c                pow
 .text.finite   0x00000000080065fc       0x16 C:/ST/STM32CubeIDE_1.13.2/STM32CubeIDE/plugins/com.st.stm32cube.ide.mcu.externaltools.gnu-tools-for-stm32.11.3.rel1.win32_1.1.1.202309131626/tools/bin/../lib/gcc/arm-none-eabi/11.3.1/../../../../arm-none-eabi/lib/thumb/v7e-m+fp/hard\libm.a(libm_a-s_finite.o)
                0x00000000080065fc                finite
 *fill*         0x0000000008006612        0x6 
 .text.__ieee754_pow
                0x0000000008006618      0xa54 C:/ST/STM32CubeIDE_1.13.2/STM32CubeIDE/plugins/com.st.stm32cube.ide.mcu.externaltools.gnu-tools-for-stm32.11.3.rel1.win32_1.1.1.202309131626/tools/bin/../lib/gcc/arm-none-eabi/11.3.1/../../../../arm-none-eabi/lib/thumb/v7e-m+fp/hard\libm.a(libm_a-e_pow.o)
                0x0000000008006618                __ieee754_pow
 .text.fabs     0x000000000800706c       0x12 C:/ST/STM32CubeIDE_1.13.2/STM32CubeIDE/plugins/com.st.stm32cube.ide.mcu.externaltools.gnu-tools-for-stm32.11.3.rel1.win32_1.1.1.202309131626/tools/bin/../lib/gcc/arm-none-eabi/11.3.1/../../../../arm-none-eabi/lib/thumb/v7e-m+fp/hard\libm.a(libm_a-s_fabs.o)
                0x000000000800706c                fabs
 *fill*         0x000000000800707e        0x2 
 .text.scalbn   0x0000000008007080       0xfc C:/ST/STM32CubeIDE_1.13.2/STM32CubeIDE/plugins/com.st.stm32cube.ide.mcu.externaltools.gnu-tools-for-stm32.11.3.rel1.win32_1.1.1.202309131626/tools/bin/../lib/gcc/arm-none-eabi/11.3.1/../../../../arm-none-eabi/lib/thumb/v7e-m+fp/hard\libm.a(libm_a-s_scalbn.o)
                0x0000000008007080                scalbn
 .text.with_errno
                0x000000000800717c       0x14 C:/ST/STM32CubeIDE_1.13.2/STM32CubeIDE/plugins/com.st.stm32cube.ide.mcu.externaltools.gnu-tools-for-stm32.11.3.rel1.win32_1.1.1.202309131626/tools/bin/../lib/gcc/arm-none-eabi/11.3.1/../../../../arm-none-eabi/lib/thumb/v7e-m+fp/hard\libm.a(libm_a-math_err.o)
 .text.xflow    0x0000000008007190       0x28 C:/ST/STM32CubeIDE_1.13.2/STM32CubeIDE/plugins/com.st.stm32cube.ide.mcu.externaltools.gnu-tools-for-stm32.11.3.rel1.win32_1.1.1.202309131626/tools/bin/../lib/gcc/arm-none-eabi/11.3.1/../../../../arm-none-eabi/lib/thumb/v7e-m+fp/hard\libm.a(libm_a-math_err.o)
 .text.__math_uflow
                0x00000000080071b8       0x12 C:/ST/STM32CubeIDE_1.13.2/STM32CubeIDE/plugins/com.st.stm32cube.ide.mcu.externaltools.gnu-tools-for-stm32.11.3.rel1.win32_1.1.1.202309131626/tools/bin/../lib/gcc/arm-none-eabi/11.3.1/../../../../arm-none-eabi/lib/thumb/v7e-m+fp/hard\libm.a(libm_a-math_err.o)
                0x00000000080071b8                __math_uflow
 .text.__math_oflow
                0x00000000080071ca       0x12 C:/ST/STM32CubeIDE_1.13.2/STM32CubeIDE/plugins/com.st.stm32cube.ide.mcu.externaltools.gnu-tools-for-stm32.11.3.rel1.win32_1.1.1.202309131626/tools/bin/../lib/gcc/arm-none-eabi/11.3.1/../../../../arm-none-eabi/lib/thumb/v7e-m+fp/hard\libm.a(libm_a-math_err.o)
                0x00000000080071ca                __math_oflow
 .text.__ieee754_sqrt
                0x00000000080071dc      0x1b4 C:/ST/STM32CubeIDE_1.13.2/STM32CubeIDE/plugins/com.st.stm32cube.ide.mcu.externaltools.gnu-tools-for-stm32.11.3.rel1.win32_1.1.1.202309131626/tools/bin/../lib/gcc/arm-none-eabi/11.3.1/../../../../arm-none-eabi/lib/thumb/v7e-m+fp/hard\libm.a(libm_a-e_sqrt.o)
                0x00000000080071dc                __ieee754_sqrt
 *(.glue_7)
 .glue_7        0x0000000008007390        0x0 linker stubs
 *(.glue_7t)
 .glue_7t       0x0000000008007390        0x0 linker stubs
 *(.eh_frame)
 .eh_frame      0x0000000008007390        0x0 C:/ST/STM32CubeIDE_1.13.2/STM32CubeIDE/plugins/com.st.stm32cube.ide.mcu.externaltools.gnu-tools-for-stm32.11.3.rel1.win32_1.1.1.202309131626/tools/bin/../lib/gcc/arm-none-eabi/11.3.1/thumb/v7e-m+fp/hard/crtbegin.o
 *(.init)
 .init          0x0000000008007390        0x4 C:/ST/STM32CubeIDE_1.13.2/STM32CubeIDE/plugins/com.st.stm32cube.ide.mcu.externaltools.gnu-tools-for-stm32.11.3.rel1.win32_1.1.1.202309131626/tools/bin/../lib/gcc/arm-none-eabi/11.3.1/thumb/v7e-m+fp/hard/crti.o
                0x0000000008007390                _init
 .init          0x0000000008007394        0x8 C:/ST/STM32CubeIDE_1.13.2/STM32CubeIDE/plugins/com.st.stm32cube.ide.mcu.externaltools.gnu-tools-for-stm32.11.3.rel1.win32_1.1.1.202309131626/tools/bin/../lib/gcc/arm-none-eabi/11.3.1/thumb/v7e-m+fp/hard/crtn.o
 *(.fini)
 .fini          0x000000000800739c        0x4 C:/ST/STM32CubeIDE_1.13.2/STM32CubeIDE/plugins/com.st.stm32cube.ide.mcu.externaltools.gnu-tools-for-stm32.11.3.rel1.win32_1.1.1.202309131626/tools/bin/../lib/gcc/arm-none-eabi/11.3.1/thumb/v7e-m+fp/hard/crti.o
                0x000000000800739c                _fini
 .fini          0x00000000080073a0        0x8 C:/ST/STM32CubeIDE_1.13.2/STM32CubeIDE/plugins/com.st.stm32cube.ide.mcu.externaltools.gnu-tools-for-stm32.11.3.rel1.win32_1.1.1.202309131626/tools/bin/../lib/gcc/arm-none-eabi/11.3.1/thumb/v7e-m+fp/hard/crtn.o
                0x00000000080073a8                . = ALIGN (0x4)
                0x00000000080073a8                _etext = .

.vfp11_veneer   0x00000000080073a8        0x0
 .vfp11_veneer  0x00000000080073a8        0x0 linker stubs

.v4_bx          0x00000000080073a8        0x0
 .v4_bx         0x00000000080073a8        0x0 linker stubs

.iplt           0x00000000080073a8        0x0
 .iplt          0x00000000080073a8        0x0 C:/ST/STM32CubeIDE_1.13.2/STM32CubeIDE/plugins/com.st.stm32cube.ide.mcu.externaltools.gnu-tools-for-stm32.11.3.rel1.win32_1.1.1.202309131626/tools/bin/../lib/gcc/arm-none-eabi/11.3.1/thumb/v7e-m+fp/hard/crtbegin.o

.rodata         0x00000000080073a8      0x290
                0x00000000080073a8                . = ALIGN (0x4)
 *(.rodata)
 .rodata        0x00000000080073a8      0x127 ./Core/Src/Communication/ESP32/ESPDataLogger.o
 *fill*         0x00000000080074cf        0x1 
 .rodata        0x00000000080074d0       0x50 ./Core/Src/Communication/LoRa/lora.o
 .rodata        0x0000000008007520       0x9a ./Core/Src/main.o
 *(.rodata*)
 *fill*         0x00000000080075ba        0x2 
 .rodata.AHBPrescTable
                0x00000000080075bc       0x10 ./Core/Src/system_stm32f4xx.o
                0x00000000080075bc                AHBPrescTable
 .rodata.APBPrescTable
                0x00000000080075cc        0x8 ./Core/Src/system_stm32f4xx.o
                0x00000000080075cc                APBPrescTable
 .rodata._svfprintf_r.str1.1
                0x00000000080075d4       0x11 C:/ST/STM32CubeIDE_1.13.2/STM32CubeIDE/plugins/com.st.stm32cube.ide.mcu.externaltools.gnu-tools-for-stm32.11.3.rel1.win32_1.1.1.202309131626/tools/bin/../lib/gcc/arm-none-eabi/11.3.1/../../../../arm-none-eabi/lib/thumb/v7e-m+fp/hard\libc_nano.a(libc_a-nano-svfprintf.o)
 .rodata._printf_i.str1.1
                0x00000000080075e5       0x22 C:/ST/STM32CubeIDE_1.13.2/STM32CubeIDE/plugins/com.st.stm32cube.ide.mcu.externaltools.gnu-tools-for-stm32.11.3.rel1.win32_1.1.1.202309131626/tools/bin/../lib/gcc/arm-none-eabi/11.3.1/../../../../arm-none-eabi/lib/thumb/v7e-m+fp/hard\libc_nano.a(libc_a-nano-vfprintf_i.o)
 *fill*         0x0000000008007607        0x1 
 .rodata.bp     0x0000000008007608       0x10 C:/ST/STM32CubeIDE_1.13.2/STM32CubeIDE/plugins/com.st.stm32cube.ide.mcu.externaltools.gnu-tools-for-stm32.11.3.rel1.win32_1.1.1.202309131626/tools/bin/../lib/gcc/arm-none-eabi/11.3.1/../../../../arm-none-eabi/lib/thumb/v7e-m+fp/hard\libm.a(libm_a-e_pow.o)
 .rodata.dp_h   0x0000000008007618       0x10 C:/ST/STM32CubeIDE_1.13.2/STM32CubeIDE/plugins/com.st.stm32cube.ide.mcu.externaltools.gnu-tools-for-stm32.11.3.rel1.win32_1.1.1.202309131626/tools/bin/../lib/gcc/arm-none-eabi/11.3.1/../../../../arm-none-eabi/lib/thumb/v7e-m+fp/hard\libm.a(libm_a-e_pow.o)
 .rodata.dp_l   0x0000000008007628       0x10 C:/ST/STM32CubeIDE_1.13.2/STM32CubeIDE/plugins/com.st.stm32cube.ide.mcu.externaltools.gnu-tools-for-stm32.11.3.rel1.win32_1.1.1.202309131626/tools/bin/../lib/gcc/arm-none-eabi/11.3.1/../../../../arm-none-eabi/lib/thumb/v7e-m+fp/hard\libm.a(libm_a-e_pow.o)
                0x0000000008007638                . = ALIGN (0x4)

.ARM.extab      0x0000000008007638        0x0
                0x0000000008007638                . = ALIGN (0x4)
 *(.ARM.extab* .gnu.linkonce.armextab.*)
                0x0000000008007638                . = ALIGN (0x4)

.ARM            0x0000000008007638        0x8
                0x0000000008007638                . = ALIGN (0x4)
                0x0000000008007638                __exidx_start = .
 *(.ARM.exidx*)
 .ARM.exidx     0x0000000008007638        0x8 C:/ST/STM32CubeIDE_1.13.2/STM32CubeIDE/plugins/com.st.stm32cube.ide.mcu.externaltools.gnu-tools-for-stm32.11.3.rel1.win32_1.1.1.202309131626/tools/bin/../lib/gcc/arm-none-eabi/11.3.1/thumb/v7e-m+fp/hard\libgcc.a(_udivmoddi4.o)
                0x0000000008007640                __exidx_end = .
                0x0000000008007640                . = ALIGN (0x4)

.rel.dyn        0x0000000008007640        0x0
 .rel.iplt      0x0000000008007640        0x0 C:/ST/STM32CubeIDE_1.13.2/STM32CubeIDE/plugins/com.st.stm32cube.ide.mcu.externaltools.gnu-tools-for-stm32.11.3.rel1.win32_1.1.1.202309131626/tools/bin/../lib/gcc/arm-none-eabi/11.3.1/thumb/v7e-m+fp/hard/crtbegin.o

.preinit_array  0x0000000008007640        0x0
                0x0000000008007640                . = ALIGN (0x4)
                0x0000000008007640                PROVIDE (__preinit_array_start = .)
 *(.preinit_array*)
                0x0000000008007640                PROVIDE (__preinit_array_end = .)
                0x0000000008007640                . = ALIGN (0x4)

.init_array     0x0000000008007640        0x4
                0x0000000008007640                . = ALIGN (0x4)
                0x0000000008007640                PROVIDE (__init_array_start = .)
 *(SORT_BY_NAME(.init_array.*))
 *(.init_array*)
 .init_array    0x0000000008007640        0x4 C:/ST/STM32CubeIDE_1.13.2/STM32CubeIDE/plugins/com.st.stm32cube.ide.mcu.externaltools.gnu-tools-for-stm32.11.3.rel1.win32_1.1.1.202309131626/tools/bin/../lib/gcc/arm-none-eabi/11.3.1/thumb/v7e-m+fp/hard/crtbegin.o
                0x0000000008007644                PROVIDE (__init_array_end = .)
                0x0000000008007644                . = ALIGN (0x4)

.fini_array     0x0000000008007644        0x4
                0x0000000008007644                . = ALIGN (0x4)
                [!provide]                        PROVIDE (__fini_array_start = .)
 *(SORT_BY_NAME(.fini_array.*))
 *(.fini_array*)
 .fini_array    0x0000000008007644        0x4 C:/ST/STM32CubeIDE_1.13.2/STM32CubeIDE/plugins/com.st.stm32cube.ide.mcu.externaltools.gnu-tools-for-stm32.11.3.rel1.win32_1.1.1.202309131626/tools/bin/../lib/gcc/arm-none-eabi/11.3.1/thumb/v7e-m+fp/hard/crtbegin.o
                [!provide]                        PROVIDE (__fini_array_end = .)
                0x0000000008007648                . = ALIGN (0x4)
                0x0000000008007648                _sidata = LOADADDR (.data)

.data           0x0000000020000000       0x70 load address 0x0000000008007648
                0x0000000020000000                . = ALIGN (0x4)
                0x0000000020000000                _sdata = .
 *(.data)
 *(.data*)
 .data.g.0      0x0000000020000000        0x4 ./Core/Src/Sensors/GY521/gy521.o
 .data.SystemCoreClock
                0x0000000020000004        0x4 ./Core/Src/system_stm32f4xx.o
                0x0000000020000004                SystemCoreClock
 .data.uwTickPrio
                0x0000000020000008        0x4 ./Drivers/STM32F4xx_HAL_Driver/Src/stm32f4xx_hal.o
                0x0000000020000008                uwTickPrio
 .data.uwTickFreq
                0x000000002000000c        0x1 ./Drivers/STM32F4xx_HAL_Driver/Src/stm32f4xx_hal.o
                0x000000002000000c                uwTickFreq
 *fill*         0x000000002000000d        0x3 
 .data._impure_data
                0x0000000020000010       0x4c C:/ST/STM32CubeIDE_1.13.2/STM32CubeIDE/plugins/com.st.stm32cube.ide.mcu.externaltools.gnu-tools-for-stm32.11.3.rel1.win32_1.1.1.202309131626/tools/bin/../lib/gcc/arm-none-eabi/11.3.1/../../../../arm-none-eabi/lib/thumb/v7e-m+fp/hard\libc_nano.a(libc_a-impure.o)
                0x0000000020000010                _impure_data
 .data._impure_ptr
                0x000000002000005c        0x4 C:/ST/STM32CubeIDE_1.13.2/STM32CubeIDE/plugins/com.st.stm32cube.ide.mcu.externaltools.gnu-tools-for-stm32.11.3.rel1.win32_1.1.1.202309131626/tools/bin/../lib/gcc/arm-none-eabi/11.3.1/../../../../arm-none-eabi/lib/thumb/v7e-m+fp/hard\libc_nano.a(libc_a-impure.o)
                0x000000002000005c                _impure_ptr
 .data.one      0x0000000020000060        0x8 C:/ST/STM32CubeIDE_1.13.2/STM32CubeIDE/plugins/com.st.stm32cube.ide.mcu.externaltools.gnu-tools-for-stm32.11.3.rel1.win32_1.1.1.202309131626/tools/bin/../lib/gcc/arm-none-eabi/11.3.1/../../../../arm-none-eabi/lib/thumb/v7e-m+fp/hard\libm.a(libm_a-e_sqrt.o)
 .data.tiny     0x0000000020000068        0x8 C:/ST/STM32CubeIDE_1.13.2/STM32CubeIDE/plugins/com.st.stm32cube.ide.mcu.externaltools.gnu-tools-for-stm32.11.3.rel1.win32_1.1.1.202309131626/tools/bin/../lib/gcc/arm-none-eabi/11.3.1/../../../../arm-none-eabi/lib/thumb/v7e-m+fp/hard\libm.a(libm_a-e_sqrt.o)
 *(.RamFunc)
 *(.RamFunc*)
                0x0000000020000070                . = ALIGN (0x4)
                0x0000000020000070                _edata = .

.igot.plt       0x0000000020000070        0x0 load address 0x00000000080076b8
 .igot.plt      0x0000000020000070        0x0 C:/ST/STM32CubeIDE_1.13.2/STM32CubeIDE/plugins/com.st.stm32cube.ide.mcu.externaltools.gnu-tools-for-stm32.11.3.rel1.win32_1.1.1.202309131626/tools/bin/../lib/gcc/arm-none-eabi/11.3.1/thumb/v7e-m+fp/hard/crtbegin.o
                0x0000000020000070                . = ALIGN (0x4)

.bss            0x0000000020000070      0x2f0 load address 0x00000000080076b8
                0x0000000020000070                _sbss = .
                0x0000000020000070                __bss_start__ = _sbss
 *(.bss)
 .bss           0x0000000020000070       0x1c C:/ST/STM32CubeIDE_1.13.2/STM32CubeIDE/plugins/com.st.stm32cube.ide.mcu.externaltools.gnu-tools-for-stm32.11.3.rel1.win32_1.1.1.202309131626/tools/bin/../lib/gcc/arm-none-eabi/11.3.1/thumb/v7e-m+fp/hard/crtbegin.o
 *(.bss*)
 .bss.doDelay   0x000000002000008c        0x4 ./Core/Src/Clock Configuration/Delay/delay.o
                0x000000002000008c                doDelay
 .bss.rx_buffer
                0x0000000020000090       0x48 ./Core/Src/Communication/ESP32/UartRingbuffer.o
                0x0000000020000090                rx_buffer
 .bss.tx_buffer
                0x00000000200000d8       0x48 ./Core/Src/Communication/ESP32/UartRingbuffer.o
                0x00000000200000d8                tx_buffer
 .bss._rx_buffer
                0x0000000020000120        0x4 ./Core/Src/Communication/ESP32/UartRingbuffer.o
                0x0000000020000120                _rx_buffer
 .bss._tx_buffer
                0x0000000020000124        0x4 ./Core/Src/Communication/ESP32/UartRingbuffer.o
                0x0000000020000124                _tx_buffer
 .bss.hspi1     0x0000000020000128       0x58 ./Core/Src/Connections/Spi/spi.o
                0x0000000020000128                hspi1
 .bss.Accel_X_RAW
                0x0000000020000180        0x2 ./Core/Src/Sensors/GY521/gy521.o
                0x0000000020000180                Accel_X_RAW
 .bss.Accel_Y_RAW
                0x0000000020000182        0x2 ./Core/Src/Sensors/GY521/gy521.o
                0x0000000020000182                Accel_Y_RAW
 .bss.Accel_Z_RAW
                0x0000000020000184        0x2 ./Core/Src/Sensors/GY521/gy521.o
                0x0000000020000184                Accel_Z_RAW
 *fill*         0x0000000020000186        0x2 
 .bss.Ax        0x0000000020000188        0x4 ./Core/Src/Sensors/GY521/gy521.o
                0x0000000020000188                Ax
 .bss.Ay        0x000000002000018c        0x4 ./Core/Src/Sensors/GY521/gy521.o
                0x000000002000018c                Ay
 .bss.Az        0x0000000020000190        0x4 ./Core/Src/Sensors/GY521/gy521.o
                0x0000000020000190                Az
 .bss.Accel_X_Bias
                0x0000000020000194        0x4 ./Core/Src/Sensors/GY521/gy521.o
 .bss.Accel_Y_Bias
                0x0000000020000198        0x4 ./Core/Src/Sensors/GY521/gy521.o
 .bss.Accel_Z_Bias
                0x000000002000019c        0x4 ./Core/Src/Sensors/GY521/gy521.o
 .bss.myLoRa    0x00000000200001a0       0x2c ./Core/Src/main.o
                0x00000000200001a0                myLoRa
 .bss.__sbrk_heap_end
                0x00000000200001cc        0x4 ./Core/Src/sysmem.o
 .bss.huart1    0x00000000200001d0       0x44 ./Core/Src/usart.o
                0x00000000200001d0                huart1
 .bss.uwTick    0x0000000020000214        0x4 ./Drivers/STM32F4xx_HAL_Driver/Src/stm32f4xx_hal.o
                0x0000000020000214                uwTick
 .bss.__sf      0x0000000020000218      0x138 C:/ST/STM32CubeIDE_1.13.2/STM32CubeIDE/plugins/com.st.stm32cube.ide.mcu.externaltools.gnu-tools-for-stm32.11.3.rel1.win32_1.1.1.202309131626/tools/bin/../lib/gcc/arm-none-eabi/11.3.1/../../../../arm-none-eabi/lib/thumb/v7e-m+fp/hard\libc_nano.a(libc_a-findfp.o)
                0x0000000020000218                __sf
 .bss.errno     0x0000000020000350        0x4 C:/ST/STM32CubeIDE_1.13.2/STM32CubeIDE/plugins/com.st.stm32cube.ide.mcu.externaltools.gnu-tools-for-stm32.11.3.rel1.win32_1.1.1.202309131626/tools/bin/../lib/gcc/arm-none-eabi/11.3.1/../../../../arm-none-eabi/lib/thumb/v7e-m+fp/hard\libc_nano.a(libc_a-reent.o)
                0x0000000020000350                errno
 .bss.__lock___malloc_recursive_mutex
                0x0000000020000354        0x1 C:/ST/STM32CubeIDE_1.13.2/STM32CubeIDE/plugins/com.st.stm32cube.ide.mcu.externaltools.gnu-tools-for-stm32.11.3.rel1.win32_1.1.1.202309131626/tools/bin/../lib/gcc/arm-none-eabi/11.3.1/../../../../arm-none-eabi/lib/thumb/v7e-m+fp/hard\libc_nano.a(libc_a-lock.o)
                0x0000000020000354                __lock___malloc_recursive_mutex
 *fill*         0x0000000020000355        0x3 
 .bss.__malloc_free_list
                0x0000000020000358        0x4 C:/ST/STM32CubeIDE_1.13.2/STM32CubeIDE/plugins/com.st.stm32cube.ide.mcu.externaltools.gnu-tools-for-stm32.11.3.rel1.win32_1.1.1.202309131626/tools/bin/../lib/gcc/arm-none-eabi/11.3.1/../../../../arm-none-eabi/lib/thumb/v7e-m+fp/hard\libc_nano.a(libc_a-mallocr.o)
                0x0000000020000358                __malloc_free_list
 .bss.__malloc_sbrk_start
                0x000000002000035c        0x4 C:/ST/STM32CubeIDE_1.13.2/STM32CubeIDE/plugins/com.st.stm32cube.ide.mcu.externaltools.gnu-tools-for-stm32.11.3.rel1.win32_1.1.1.202309131626/tools/bin/../lib/gcc/arm-none-eabi/11.3.1/../../../../arm-none-eabi/lib/thumb/v7e-m+fp/hard\libc_nano.a(libc_a-mallocr.o)
                0x000000002000035c                __malloc_sbrk_start
 *(COMMON)
                0x0000000020000360                . = ALIGN (0x4)
                0x0000000020000360                _ebss = .
                0x0000000020000360                __bss_end__ = _ebss

._user_heap_stack
                0x0000000020000360      0x600 load address 0x00000000080076b8
                0x0000000020000360                . = ALIGN (0x8)
                [!provide]                        PROVIDE (end = .)
                0x0000000020000360                PROVIDE (_end = .)
                0x0000000020000560                . = (. + _Min_Heap_Size)
 *fill*         0x0000000020000360      0x200 
                0x0000000020000960                . = (. + _Min_Stack_Size)
 *fill*         0x0000000020000560      0x400 
                0x0000000020000960                . = ALIGN (0x8)

/DISCARD/
 libc.a(*)
 libm.a(*)
 libgcc.a(*)

.ARM.attributes
                0x0000000000000000       0x30
 *(.ARM.attributes)
 .ARM.attributes
                0x0000000000000000       0x1e C:/ST/STM32CubeIDE_1.13.2/STM32CubeIDE/plugins/com.st.stm32cube.ide.mcu.externaltools.gnu-tools-for-stm32.11.3.rel1.win32_1.1.1.202309131626/tools/bin/../lib/gcc/arm-none-eabi/11.3.1/thumb/v7e-m+fp/hard/crti.o
 .ARM.attributes
                0x000000000000001e       0x34 C:/ST/STM32CubeIDE_1.13.2/STM32CubeIDE/plugins/com.st.stm32cube.ide.mcu.externaltools.gnu-tools-for-stm32.11.3.rel1.win32_1.1.1.202309131626/tools/bin/../lib/gcc/arm-none-eabi/11.3.1/thumb/v7e-m+fp/hard/crtbegin.o
 .ARM.attributes
                0x0000000000000052       0x34 ./Core/Src/Clock Configuration/Delay/delay.o
 .ARM.attributes
                0x0000000000000086       0x34 ./Core/Src/Clock Configuration/Rcc/rcc.o
 .ARM.attributes
                0x00000000000000ba       0x34 ./Core/Src/Communication/ESP32/ESPDataLogger.o
 .ARM.attributes
                0x00000000000000ee       0x34 ./Core/Src/Communication/ESP32/UartRingbuffer.o
 .ARM.attributes
                0x0000000000000122       0x34 ./Core/Src/Communication/LoRa/lora.o
 .ARM.attributes
                0x0000000000000156       0x34 ./Core/Src/Connections/ADC/adc.o
 .ARM.attributes
                0x000000000000018a       0x34 ./Core/Src/Connections/I2C/i2c.o
 .ARM.attributes
                0x00000000000001be       0x34 ./Core/Src/Connections/Spi/spi.o
 .ARM.attributes
                0x00000000000001f2       0x34 ./Core/Src/Sensors/GY521/gy521.o
 .ARM.attributes
                0x0000000000000226       0x34 ./Core/Src/Sensors/Moisture/moisture.o
 .ARM.attributes
                0x000000000000025a       0x34 ./Core/Src/Sensors/Vibration/vibration.o
 .ARM.attributes
                0x000000000000028e       0x34 ./Core/Src/main.o
 .ARM.attributes
                0x00000000000002c2       0x34 ./Core/Src/stm32f4xx_it.o
 .ARM.attributes
                0x00000000000002f6       0x34 ./Core/Src/sysmem.o
 .ARM.attributes
                0x000000000000032a       0x34 ./Core/Src/system_stm32f4xx.o
 .ARM.attributes
                0x000000000000035e       0x34 ./Core/Src/usart.o
 .ARM.attributes
                0x0000000000000392       0x21 ./Core/Startup/startup_stm32f411retx.o
 .ARM.attributes
                0x00000000000003b3       0x34 ./Drivers/STM32F4xx_HAL_Driver/Src/stm32f4xx_hal.o
 .ARM.attributes
                0x00000000000003e7       0x34 ./Drivers/STM32F4xx_HAL_Driver/Src/stm32f4xx_hal_cortex.o
 .ARM.attributes
                0x000000000000041b       0x34 ./Drivers/STM32F4xx_HAL_Driver/Src/stm32f4xx_hal_dma.o
 .ARM.attributes
                0x000000000000044f       0x34 ./Drivers/STM32F4xx_HAL_Driver/Src/stm32f4xx_hal_gpio.o
 .ARM.attributes
                0x0000000000000483       0x34 ./Drivers/STM32F4xx_HAL_Driver/Src/stm32f4xx_hal_rcc.o
 .ARM.attributes
                0x00000000000004b7       0x34 ./Drivers/STM32F4xx_HAL_Driver/Src/stm32f4xx_hal_spi.o
 .ARM.attributes
                0x00000000000004eb       0x34 ./Drivers/STM32F4xx_HAL_Driver/Src/stm32f4xx_hal_uart.o
 .ARM.attributes
                0x000000000000051f       0x34 C:/ST/STM32CubeIDE_1.13.2/STM32CubeIDE/plugins/com.st.stm32cube.ide.mcu.externaltools.gnu-tools-for-stm32.11.3.rel1.win32_1.1.1.202309131626/tools/bin/../lib/gcc/arm-none-eabi/11.3.1/../../../../arm-none-eabi/lib/thumb/v7e-m+fp/hard\libc_nano.a(libc_a-findfp.o)
 .ARM.attributes
                0x0000000000000553       0x34 C:/ST/STM32CubeIDE_1.13.2/STM32CubeIDE/plugins/com.st.stm32cube.ide.mcu.externaltools.gnu-tools-for-stm32.11.3.rel1.win32_1.1.1.202309131626/tools/bin/../lib/gcc/arm-none-eabi/11.3.1/../../../../arm-none-eabi/lib/thumb/v7e-m+fp/hard\libc_nano.a(libc_a-sprintf.o)
 .ARM.attributes
                0x0000000000000587       0x34 C:/ST/STM32CubeIDE_1.13.2/STM32CubeIDE/plugins/com.st.stm32cube.ide.mcu.externaltools.gnu-tools-for-stm32.11.3.rel1.win32_1.1.1.202309131626/tools/bin/../lib/gcc/arm-none-eabi/11.3.1/../../../../arm-none-eabi/lib/thumb/v7e-m+fp/hard\libc_nano.a(libc_a-memset.o)
 .ARM.attributes
                0x00000000000005bb       0x34 C:/ST/STM32CubeIDE_1.13.2/STM32CubeIDE/plugins/com.st.stm32cube.ide.mcu.externaltools.gnu-tools-for-stm32.11.3.rel1.win32_1.1.1.202309131626/tools/bin/../lib/gcc/arm-none-eabi/11.3.1/../../../../arm-none-eabi/lib/thumb/v7e-m+fp/hard\libc_nano.a(libc_a-strcat.o)
 .ARM.attributes
                0x00000000000005ef       0x34 C:/ST/STM32CubeIDE_1.13.2/STM32CubeIDE/plugins/com.st.stm32cube.ide.mcu.externaltools.gnu-tools-for-stm32.11.3.rel1.win32_1.1.1.202309131626/tools/bin/../lib/gcc/arm-none-eabi/11.3.1/../../../../arm-none-eabi/lib/thumb/v7e-m+fp/hard\libc_nano.a(libc_a-reent.o)
 .ARM.attributes
                0x0000000000000623       0x34 C:/ST/STM32CubeIDE_1.13.2/STM32CubeIDE/plugins/com.st.stm32cube.ide.mcu.externaltools.gnu-tools-for-stm32.11.3.rel1.win32_1.1.1.202309131626/tools/bin/../lib/gcc/arm-none-eabi/11.3.1/../../../../arm-none-eabi/lib/thumb/v7e-m+fp/hard\libc_nano.a(libc_a-impure.o)
 .ARM.attributes
                0x0000000000000657       0x34 C:/ST/STM32CubeIDE_1.13.2/STM32CubeIDE/plugins/com.st.stm32cube.ide.mcu.externaltools.gnu-tools-for-stm32.11.3.rel1.win32_1.1.1.202309131626/tools/bin/../lib/gcc/arm-none-eabi/11.3.1/../../../../arm-none-eabi/lib/thumb/v7e-m+fp/hard\libc_nano.a(libc_a-errno.o)
 .ARM.attributes
                0x000000000000068b       0x34 C:/ST/STM32CubeIDE_1.13.2/STM32CubeIDE/plugins/com.st.stm32cube.ide.mcu.externaltools.gnu-tools-for-stm32.11.3.rel1.win32_1.1.1.202309131626/tools/bin/../lib/gcc/arm-none-eabi/11.3.1/../../../../arm-none-eabi/lib/thumb/v7e-m+fp/hard\libc_nano.a(libc_a-init.o)
 .ARM.attributes
                0x00000000000006bf       0x34 C:/ST/STM32CubeIDE_1.13.2/STM32CubeIDE/plugins/com.st.stm32cube.ide.mcu.externaltools.gnu-tools-for-stm32.11.3.rel1.win32_1.1.1.202309131626/tools/bin/../lib/gcc/arm-none-eabi/11.3.1/../../../../arm-none-eabi/lib/thumb/v7e-m+fp/hard\libc_nano.a(libc_a-lock.o)
 .ARM.attributes
                0x00000000000006f3       0x34 C:/ST/STM32CubeIDE_1.13.2/STM32CubeIDE/plugins/com.st.stm32cube.ide.mcu.externaltools.gnu-tools-for-stm32.11.3.rel1.win32_1.1.1.202309131626/tools/bin/../lib/gcc/arm-none-eabi/11.3.1/../../../../arm-none-eabi/lib/thumb/v7e-m+fp/hard\libc_nano.a(libc_a-memcpy-stub.o)
 .ARM.attributes
                0x0000000000000727       0x17 C:/ST/STM32CubeIDE_1.13.2/STM32CubeIDE/plugins/com.st.stm32cube.ide.mcu.externaltools.gnu-tools-for-stm32.11.3.rel1.win32_1.1.1.202309131626/tools/bin/../lib/gcc/arm-none-eabi/11.3.1/../../../../arm-none-eabi/lib/thumb/v7e-m+fp/hard\libc_nano.a(libc_a-strlen.o)
 .ARM.attributes
                0x000000000000073e       0x34 C:/ST/STM32CubeIDE_1.13.2/STM32CubeIDE/plugins/com.st.stm32cube.ide.mcu.externaltools.gnu-tools-for-stm32.11.3.rel1.win32_1.1.1.202309131626/tools/bin/../lib/gcc/arm-none-eabi/11.3.1/../../../../arm-none-eabi/lib/thumb/v7e-m+fp/hard\libc_nano.a(libc_a-freer.o)
 .ARM.attributes
                0x0000000000000772       0x34 C:/ST/STM32CubeIDE_1.13.2/STM32CubeIDE/plugins/com.st.stm32cube.ide.mcu.externaltools.gnu-tools-for-stm32.11.3.rel1.win32_1.1.1.202309131626/tools/bin/../lib/gcc/arm-none-eabi/11.3.1/../../../../arm-none-eabi/lib/thumb/v7e-m+fp/hard\libc_nano.a(libc_a-mallocr.o)
 .ARM.attributes
                0x00000000000007a6       0x34 C:/ST/STM32CubeIDE_1.13.2/STM32CubeIDE/plugins/com.st.stm32cube.ide.mcu.externaltools.gnu-tools-for-stm32.11.3.rel1.win32_1.1.1.202309131626/tools/bin/../lib/gcc/arm-none-eabi/11.3.1/../../../../arm-none-eabi/lib/thumb/v7e-m+fp/hard\libc_nano.a(libc_a-mlock.o)
 .ARM.attributes
                0x00000000000007da       0x34 C:/ST/STM32CubeIDE_1.13.2/STM32CubeIDE/plugins/com.st.stm32cube.ide.mcu.externaltools.gnu-tools-for-stm32.11.3.rel1.win32_1.1.1.202309131626/tools/bin/../lib/gcc/arm-none-eabi/11.3.1/../../../../arm-none-eabi/lib/thumb/v7e-m+fp/hard\libc_nano.a(libc_a-nano-svfprintf.o)
 .ARM.attributes
                0x000000000000080e       0x34 C:/ST/STM32CubeIDE_1.13.2/STM32CubeIDE/plugins/com.st.stm32cube.ide.mcu.externaltools.gnu-tools-for-stm32.11.3.rel1.win32_1.1.1.202309131626/tools/bin/../lib/gcc/arm-none-eabi/11.3.1/../../../../arm-none-eabi/lib/thumb/v7e-m+fp/hard\libc_nano.a(libc_a-nano-vfprintf_i.o)
 .ARM.attributes
                0x0000000000000842       0x34 C:/ST/STM32CubeIDE_1.13.2/STM32CubeIDE/plugins/com.st.stm32cube.ide.mcu.externaltools.gnu-tools-for-stm32.11.3.rel1.win32_1.1.1.202309131626/tools/bin/../lib/gcc/arm-none-eabi/11.3.1/../../../../arm-none-eabi/lib/thumb/v7e-m+fp/hard\libc_nano.a(libc_a-memmove.o)
 .ARM.attributes
                0x0000000000000876       0x34 C:/ST/STM32CubeIDE_1.13.2/STM32CubeIDE/plugins/com.st.stm32cube.ide.mcu.externaltools.gnu-tools-for-stm32.11.3.rel1.win32_1.1.1.202309131626/tools/bin/../lib/gcc/arm-none-eabi/11.3.1/../../../../arm-none-eabi/lib/thumb/v7e-m+fp/hard\libc_nano.a(libc_a-sbrkr.o)
 .ARM.attributes
                0x00000000000008aa       0x1c C:/ST/STM32CubeIDE_1.13.2/STM32CubeIDE/plugins/com.st.stm32cube.ide.mcu.externaltools.gnu-tools-for-stm32.11.3.rel1.win32_1.1.1.202309131626/tools/bin/../lib/gcc/arm-none-eabi/11.3.1/../../../../arm-none-eabi/lib/thumb/v7e-m+fp/hard\libc_nano.a(libc_a-memchr.o)
 .ARM.attributes
                0x00000000000008c6       0x34 C:/ST/STM32CubeIDE_1.13.2/STM32CubeIDE/plugins/com.st.stm32cube.ide.mcu.externaltools.gnu-tools-for-stm32.11.3.rel1.win32_1.1.1.202309131626/tools/bin/../lib/gcc/arm-none-eabi/11.3.1/../../../../arm-none-eabi/lib/thumb/v7e-m+fp/hard\libc_nano.a(libc_a-reallocr.o)
 .ARM.attributes
                0x00000000000008fa       0x34 C:/ST/STM32CubeIDE_1.13.2/STM32CubeIDE/plugins/com.st.stm32cube.ide.mcu.externaltools.gnu-tools-for-stm32.11.3.rel1.win32_1.1.1.202309131626/tools/bin/../lib/gcc/arm-none-eabi/11.3.1/../../../../arm-none-eabi/lib/thumb/v7e-m+fp/hard\libc_nano.a(libc_a-msizer.o)
 .ARM.attributes
                0x000000000000092e       0x34 C:/ST/STM32CubeIDE_1.13.2/STM32CubeIDE/plugins/com.st.stm32cube.ide.mcu.externaltools.gnu-tools-for-stm32.11.3.rel1.win32_1.1.1.202309131626/tools/bin/../lib/gcc/arm-none-eabi/11.3.1/../../../../arm-none-eabi/lib/thumb/v7e-m+fp/hard\libm.a(libm_a-w_pow.o)
 .ARM.attributes
                0x0000000000000962       0x34 C:/ST/STM32CubeIDE_1.13.2/STM32CubeIDE/plugins/com.st.stm32cube.ide.mcu.externaltools.gnu-tools-for-stm32.11.3.rel1.win32_1.1.1.202309131626/tools/bin/../lib/gcc/arm-none-eabi/11.3.1/../../../../arm-none-eabi/lib/thumb/v7e-m+fp/hard\libm.a(libm_a-s_finite.o)
 .ARM.attributes
                0x0000000000000996       0x34 C:/ST/STM32CubeIDE_1.13.2/STM32CubeIDE/plugins/com.st.stm32cube.ide.mcu.externaltools.gnu-tools-for-stm32.11.3.rel1.win32_1.1.1.202309131626/tools/bin/../lib/gcc/arm-none-eabi/11.3.1/../../../../arm-none-eabi/lib/thumb/v7e-m+fp/hard\libm.a(libm_a-e_pow.o)
 .ARM.attributes
                0x00000000000009ca       0x34 C:/ST/STM32CubeIDE_1.13.2/STM32CubeIDE/plugins/com.st.stm32cube.ide.mcu.externaltools.gnu-tools-for-stm32.11.3.rel1.win32_1.1.1.202309131626/tools/bin/../lib/gcc/arm-none-eabi/11.3.1/../../../../arm-none-eabi/lib/thumb/v7e-m+fp/hard\libm.a(libm_a-s_fabs.o)
 .ARM.attributes
                0x00000000000009fe       0x34 C:/ST/STM32CubeIDE_1.13.2/STM32CubeIDE/plugins/com.st.stm32cube.ide.mcu.externaltools.gnu-tools-for-stm32.11.3.rel1.win32_1.1.1.202309131626/tools/bin/../lib/gcc/arm-none-eabi/11.3.1/../../../../arm-none-eabi/lib/thumb/v7e-m+fp/hard\libm.a(libm_a-s_scalbn.o)
 .ARM.attributes
                0x0000000000000a32       0x34 C:/ST/STM32CubeIDE_1.13.2/STM32CubeIDE/plugins/com.st.stm32cube.ide.mcu.externaltools.gnu-tools-for-stm32.11.3.rel1.win32_1.1.1.202309131626/tools/bin/../lib/gcc/arm-none-eabi/11.3.1/../../../../arm-none-eabi/lib/thumb/v7e-m+fp/hard\libm.a(libm_a-math_err.o)
 .ARM.attributes
                0x0000000000000a66       0x34 C:/ST/STM32CubeIDE_1.13.2/STM32CubeIDE/plugins/com.st.stm32cube.ide.mcu.externaltools.gnu-tools-for-stm32.11.3.rel1.win32_1.1.1.202309131626/tools/bin/../lib/gcc/arm-none-eabi/11.3.1/../../../../arm-none-eabi/lib/thumb/v7e-m+fp/hard\libm.a(libm_a-e_sqrt.o)
 .ARM.attributes
                0x0000000000000a9a       0x1e C:/ST/STM32CubeIDE_1.13.2/STM32CubeIDE/plugins/com.st.stm32cube.ide.mcu.externaltools.gnu-tools-for-stm32.11.3.rel1.win32_1.1.1.202309131626/tools/bin/../lib/gcc/arm-none-eabi/11.3.1/thumb/v7e-m+fp/hard\libgcc.a(_arm_addsubdf3.o)
 .ARM.attributes
                0x0000000000000ab8       0x1e C:/ST/STM32CubeIDE_1.13.2/STM32CubeIDE/plugins/com.st.stm32cube.ide.mcu.externaltools.gnu-tools-for-stm32.11.3.rel1.win32_1.1.1.202309131626/tools/bin/../lib/gcc/arm-none-eabi/11.3.1/thumb/v7e-m+fp/hard\libgcc.a(_arm_muldivdf3.o)
 .ARM.attributes
                0x0000000000000ad6       0x1e C:/ST/STM32CubeIDE_1.13.2/STM32CubeIDE/plugins/com.st.stm32cube.ide.mcu.externaltools.gnu-tools-for-stm32.11.3.rel1.win32_1.1.1.202309131626/tools/bin/../lib/gcc/arm-none-eabi/11.3.1/thumb/v7e-m+fp/hard\libgcc.a(_arm_cmpdf2.o)
 .ARM.attributes
                0x0000000000000af4       0x1e C:/ST/STM32CubeIDE_1.13.2/STM32CubeIDE/plugins/com.st.stm32cube.ide.mcu.externaltools.gnu-tools-for-stm32.11.3.rel1.win32_1.1.1.202309131626/tools/bin/../lib/gcc/arm-none-eabi/11.3.1/thumb/v7e-m+fp/hard\libgcc.a(_arm_unorddf2.o)
 .ARM.attributes
                0x0000000000000b12       0x1e C:/ST/STM32CubeIDE_1.13.2/STM32CubeIDE/plugins/com.st.stm32cube.ide.mcu.externaltools.gnu-tools-for-stm32.11.3.rel1.win32_1.1.1.202309131626/tools/bin/../lib/gcc/arm-none-eabi/11.3.1/thumb/v7e-m+fp/hard\libgcc.a(_arm_fixdfsi.o)
 .ARM.attributes
                0x0000000000000b30       0x1e C:/ST/STM32CubeIDE_1.13.2/STM32CubeIDE/plugins/com.st.stm32cube.ide.mcu.externaltools.gnu-tools-for-stm32.11.3.rel1.win32_1.1.1.202309131626/tools/bin/../lib/gcc/arm-none-eabi/11.3.1/thumb/v7e-m+fp/hard\libgcc.a(_aeabi_uldivmod.o)
 .ARM.attributes
                0x0000000000000b4e       0x34 C:/ST/STM32CubeIDE_1.13.2/STM32CubeIDE/plugins/com.st.stm32cube.ide.mcu.externaltools.gnu-tools-for-stm32.11.3.rel1.win32_1.1.1.202309131626/tools/bin/../lib/gcc/arm-none-eabi/11.3.1/thumb/v7e-m+fp/hard\libgcc.a(_udivmoddi4.o)
 .ARM.attributes
                0x0000000000000b82       0x1e C:/ST/STM32CubeIDE_1.13.2/STM32CubeIDE/plugins/com.st.stm32cube.ide.mcu.externaltools.gnu-tools-for-stm32.11.3.rel1.win32_1.1.1.202309131626/tools/bin/../lib/gcc/arm-none-eabi/11.3.1/thumb/v7e-m+fp/hard\libgcc.a(_dvmd_tls.o)
 .ARM.attributes
                0x0000000000000ba0       0x1e C:/ST/STM32CubeIDE_1.13.2/STM32CubeIDE/plugins/com.st.stm32cube.ide.mcu.externaltools.gnu-tools-for-stm32.11.3.rel1.win32_1.1.1.202309131626/tools/bin/../lib/gcc/arm-none-eabi/11.3.1/thumb/v7e-m+fp/hard/crtn.o
OUTPUT(MasterNode.elf elf32-littlearm)
LOAD linker stubs
LOAD C:/ST/STM32CubeIDE_1.13.2/STM32CubeIDE/plugins/com.st.stm32cube.ide.mcu.externaltools.gnu-tools-for-stm32.11.3.rel1.win32_1.1.1.202309131626/tools/bin/../lib/gcc/arm-none-eabi/11.3.1/../../../../arm-none-eabi/lib/thumb/v7e-m+fp/hard\libc.a
LOAD C:/ST/STM32CubeIDE_1.13.2/STM32CubeIDE/plugins/com.st.stm32cube.ide.mcu.externaltools.gnu-tools-for-stm32.11.3.rel1.win32_1.1.1.202309131626/tools/bin/../lib/gcc/arm-none-eabi/11.3.1/../../../../arm-none-eabi/lib/thumb/v7e-m+fp/hard\libm.a
LOAD C:/ST/STM32CubeIDE_1.13.2/STM32CubeIDE/plugins/com.st.stm32cube.ide.mcu.externaltools.gnu-tools-for-stm32.11.3.rel1.win32_1.1.1.202309131626/tools/bin/../lib/gcc/arm-none-eabi/11.3.1/thumb/v7e-m+fp/hard\libgcc.a

.comment        0x0000000000000000       0x43
 .comment       0x0000000000000000       0x43 C:/ST/STM32CubeIDE_1.13.2/STM32CubeIDE/plugins/com.st.stm32cube.ide.mcu.externaltools.gnu-tools-for-stm32.11.3.rel1.win32_1.1.1.202309131626/tools/bin/../lib/gcc/arm-none-eabi/11.3.1/thumb/v7e-m+fp/hard/crtbegin.o
                                         0x44 (size before relaxing)
 .comment       0x0000000000000043       0x44 ./Core/Src/Clock Configuration/Delay/delay.o
 .comment       0x0000000000000043       0x44 ./Core/Src/Clock Configuration/Rcc/rcc.o
 .comment       0x0000000000000043       0x44 ./Core/Src/Communication/ESP32/ESPDataLogger.o
 .comment       0x0000000000000043       0x44 ./Core/Src/Communication/ESP32/UartRingbuffer.o
 .comment       0x0000000000000043       0x44 ./Core/Src/Communication/LoRa/lora.o
 .comment       0x0000000000000043       0x44 ./Core/Src/Connections/ADC/adc.o
 .comment       0x0000000000000043       0x44 ./Core/Src/Connections/I2C/i2c.o
 .comment       0x0000000000000043       0x44 ./Core/Src/Connections/Spi/spi.o
 .comment       0x0000000000000043       0x44 ./Core/Src/Sensors/GY521/gy521.o
 .comment       0x0000000000000043       0x44 ./Core/Src/Sensors/Moisture/moisture.o
 .comment       0x0000000000000043       0x44 ./Core/Src/Sensors/Vibration/vibration.o
 .comment       0x0000000000000043       0x44 ./Core/Src/main.o
 .comment       0x0000000000000043       0x44 ./Core/Src/stm32f4xx_it.o
 .comment       0x0000000000000043       0x44 ./Core/Src/sysmem.o
 .comment       0x0000000000000043       0x44 ./Core/Src/system_stm32f4xx.o
 .comment       0x0000000000000043       0x44 ./Core/Src/usart.o
 .comment       0x0000000000000043       0x44 ./Drivers/STM32F4xx_HAL_Driver/Src/stm32f4xx_hal.o
 .comment       0x0000000000000043       0x44 ./Drivers/STM32F4xx_HAL_Driver/Src/stm32f4xx_hal_cortex.o
 .comment       0x0000000000000043       0x44 ./Drivers/STM32F4xx_HAL_Driver/Src/stm32f4xx_hal_dma.o
 .comment       0x0000000000000043       0x44 ./Drivers/STM32F4xx_HAL_Driver/Src/stm32f4xx_hal_gpio.o
 .comment       0x0000000000000043       0x44 ./Drivers/STM32F4xx_HAL_Driver/Src/stm32f4xx_hal_rcc.o
 .comment       0x0000000000000043       0x44 ./Drivers/STM32F4xx_HAL_Driver/Src/stm32f4xx_hal_spi.o
 .comment       0x0000000000000043       0x44 ./Drivers/STM32F4xx_HAL_Driver/Src/stm32f4xx_hal_uart.o

.debug_info     0x0000000000000000     0xdcdc
 .debug_info    0x0000000000000000      0x70a ./Core/Src/Clock Configuration/Delay/delay.o
 .debug_info    0x000000000000070a      0x536 ./Core/Src/Clock Configuration/Rcc/rcc.o
 .debug_info    0x0000000000000c40      0x2f4 ./Core/Src/Communication/ESP32/ESPDataLogger.o
 .debug_info    0x0000000000000f34      0x9d7 ./Core/Src/Communication/ESP32/UartRingbuffer.o
 .debug_info    0x000000000000190b      0xe98 ./Core/Src/Communication/LoRa/lora.o
 .debug_info    0x00000000000027a3      0x424 ./Core/Src/Connections/ADC/adc.o
 .debug_info    0x0000000000002bc7      0x4be ./Core/Src/Connections/I2C/i2c.o
 .debug_info    0x0000000000003085      0xa0a ./Core/Src/Connections/Spi/spi.o
 .debug_info    0x0000000000003a8f      0x41e ./Core/Src/Sensors/GY521/gy521.o
 .debug_info    0x0000000000003ead      0x1f4 ./Core/Src/Sensors/Moisture/moisture.o
 .debug_info    0x00000000000040a1      0x20c ./Core/Src/Sensors/Vibration/vibration.o
 .debug_info    0x00000000000042ad      0xe1a ./Core/Src/main.o
 .debug_info    0x00000000000050c7      0x634 ./Core/Src/stm32f4xx_it.o
 .debug_info    0x00000000000056fb      0x168 ./Core/Src/sysmem.o
 .debug_info    0x0000000000005863      0x53e ./Core/Src/system_stm32f4xx.o
 .debug_info    0x0000000000005da1      0xb08 ./Core/Src/usart.o
 .debug_info    0x00000000000068a9       0x23 ./Core/Startup/startup_stm32f411retx.o
 .debug_info    0x00000000000068cc      0x8c4 ./Drivers/STM32F4xx_HAL_Driver/Src/stm32f4xx_hal.o
 .debug_info    0x0000000000007190      0xcb6 ./Drivers/STM32F4xx_HAL_Driver/Src/stm32f4xx_hal_cortex.o
 .debug_info    0x0000000000007e46      0x8e6 ./Drivers/STM32F4xx_HAL_Driver/Src/stm32f4xx_hal_dma.o
 .debug_info    0x000000000000872c      0x6f9 ./Drivers/STM32F4xx_HAL_Driver/Src/stm32f4xx_hal_gpio.o
 .debug_info    0x0000000000008e25      0x8f2 ./Drivers/STM32F4xx_HAL_Driver/Src/stm32f4xx_hal_rcc.o
 .debug_info    0x0000000000009717     0x1606 ./Drivers/STM32F4xx_HAL_Driver/Src/stm32f4xx_hal_spi.o
 .debug_info    0x000000000000ad1d     0x2fbf ./Drivers/STM32F4xx_HAL_Driver/Src/stm32f4xx_hal_uart.o

.debug_abbrev   0x0000000000000000     0x2b63
 .debug_abbrev  0x0000000000000000      0x17c ./Core/Src/Clock Configuration/Delay/delay.o
 .debug_abbrev  0x000000000000017c      0x1ab ./Core/Src/Clock Configuration/Rcc/rcc.o
 .debug_abbrev  0x0000000000000327      0x13b ./Core/Src/Communication/ESP32/ESPDataLogger.o
 .debug_abbrev  0x0000000000000462      0x2bf ./Core/Src/Communication/ESP32/UartRingbuffer.o
 .debug_abbrev  0x0000000000000721      0x29f ./Core/Src/Communication/LoRa/lora.o
 .debug_abbrev  0x00000000000009c0      0x101 ./Core/Src/Connections/ADC/adc.o
 .debug_abbrev  0x0000000000000ac1      0x12c ./Core/Src/Connections/I2C/i2c.o
 .debug_abbrev  0x0000000000000bed      0x1f1 ./Core/Src/Connections/Spi/spi.o
 .debug_abbrev  0x0000000000000dde      0x140 ./Core/Src/Sensors/GY521/gy521.o
 .debug_abbrev  0x0000000000000f1e      0x103 ./Core/Src/Sensors/Moisture/moisture.o
 .debug_abbrev  0x0000000000001021      0x103 ./Core/Src/Sensors/Vibration/vibration.o
 .debug_abbrev  0x0000000000001124      0x306 ./Core/Src/main.o
 .debug_abbrev  0x000000000000142a      0x197 ./Core/Src/stm32f4xx_it.o
 .debug_abbrev  0x00000000000015c1       0xbc ./Core/Src/sysmem.o
 .debug_abbrev  0x000000000000167d      0x11a ./Core/Src/system_stm32f4xx.o
 .debug_abbrev  0x0000000000001797      0x204 ./Core/Src/usart.o
 .debug_abbrev  0x000000000000199b       0x12 ./Core/Startup/startup_stm32f411retx.o
 .debug_abbrev  0x00000000000019ad      0x24b ./Drivers/STM32F4xx_HAL_Driver/Src/stm32f4xx_hal.o
 .debug_abbrev  0x0000000000001bf8      0x327 ./Drivers/STM32F4xx_HAL_Driver/Src/stm32f4xx_hal_cortex.o
 .debug_abbrev  0x0000000000001f1f      0x221 ./Drivers/STM32F4xx_HAL_Driver/Src/stm32f4xx_hal_dma.o
 .debug_abbrev  0x0000000000002140      0x1d3 ./Drivers/STM32F4xx_HAL_Driver/Src/stm32f4xx_hal_gpio.o
 .debug_abbrev  0x0000000000002313      0x2b5 ./Drivers/STM32F4xx_HAL_Driver/Src/stm32f4xx_hal_rcc.o
 .debug_abbrev  0x00000000000025c8      0x280 ./Drivers/STM32F4xx_HAL_Driver/Src/stm32f4xx_hal_spi.o
 .debug_abbrev  0x0000000000002848      0x31b ./Drivers/STM32F4xx_HAL_Driver/Src/stm32f4xx_hal_uart.o

.debug_aranges  0x0000000000000000      0xbd8
 .debug_aranges
                0x0000000000000000       0x38 ./Core/Src/Clock Configuration/Delay/delay.o
 .debug_aranges
                0x0000000000000038       0x30 ./Core/Src/Clock Configuration/Rcc/rcc.o
 .debug_aranges
                0x0000000000000068       0x38 ./Core/Src/Communication/ESP32/ESPDataLogger.o
 .debug_aranges
                0x00000000000000a0       0x88 ./Core/Src/Communication/ESP32/UartRingbuffer.o
 .debug_aranges
                0x0000000000000128       0xc8 ./Core/Src/Communication/LoRa/lora.o
 .debug_aranges
                0x00000000000001f0       0x28 ./Core/Src/Connections/ADC/adc.o
 .debug_aranges
                0x0000000000000218       0x50 ./Core/Src/Connections/I2C/i2c.o
 .debug_aranges
                0x0000000000000268       0x30 ./Core/Src/Connections/Spi/spi.o
 .debug_aranges
                0x0000000000000298       0x40 ./Core/Src/Sensors/GY521/gy521.o
 .debug_aranges
                0x00000000000002d8       0x28 ./Core/Src/Sensors/Moisture/moisture.o
 .debug_aranges
                0x0000000000000300       0x28 ./Core/Src/Sensors/Vibration/vibration.o
 .debug_aranges
                0x0000000000000328       0x60 ./Core/Src/main.o
 .debug_aranges
                0x0000000000000388       0x68 ./Core/Src/stm32f4xx_it.o
 .debug_aranges
                0x00000000000003f0       0x20 ./Core/Src/sysmem.o
 .debug_aranges
                0x0000000000000410       0x28 ./Core/Src/system_stm32f4xx.o
 .debug_aranges
                0x0000000000000438       0x30 ./Core/Src/usart.o
 .debug_aranges
                0x0000000000000468       0x28 ./Core/Startup/startup_stm32f411retx.o
 .debug_aranges
                0x0000000000000490       0xf0 ./Drivers/STM32F4xx_HAL_Driver/Src/stm32f4xx_hal.o
 .debug_aranges
                0x0000000000000580      0x118 ./Drivers/STM32F4xx_HAL_Driver/Src/stm32f4xx_hal_cortex.o
 .debug_aranges
                0x0000000000000698       0x90 ./Drivers/STM32F4xx_HAL_Driver/Src/stm32f4xx_hal_dma.o
 .debug_aranges
                0x0000000000000728       0x58 ./Drivers/STM32F4xx_HAL_Driver/Src/stm32f4xx_hal_gpio.o
 .debug_aranges
                0x0000000000000780       0x88 ./Drivers/STM32F4xx_HAL_Driver/Src/stm32f4xx_hal_rcc.o
 .debug_aranges
                0x0000000000000808      0x1d0 ./Drivers/STM32F4xx_HAL_Driver/Src/stm32f4xx_hal_spi.o
 .debug_aranges
                0x00000000000009d8      0x200 ./Drivers/STM32F4xx_HAL_Driver/Src/stm32f4xx_hal_uart.o

.debug_rnglists
                0x0000000000000000      0x8ec
 .debug_rnglists
                0x0000000000000000       0x26 ./Core/Src/Clock Configuration/Delay/delay.o
 .debug_rnglists
                0x0000000000000026       0x21 ./Core/Src/Clock Configuration/Rcc/rcc.o
 .debug_rnglists
                0x0000000000000047       0x28 ./Core/Src/Communication/ESP32/ESPDataLogger.o
 .debug_rnglists
                0x000000000000006f       0x66 ./Core/Src/Communication/ESP32/UartRingbuffer.o
 .debug_rnglists
                0x00000000000000d5       0x96 ./Core/Src/Communication/LoRa/lora.o
 .debug_rnglists
                0x000000000000016b       0x1a ./Core/Src/Connections/ADC/adc.o
 .debug_rnglists
                0x0000000000000185       0x39 ./Core/Src/Connections/I2C/i2c.o
 .debug_rnglists
                0x00000000000001be       0x21 ./Core/Src/Connections/Spi/spi.o
 .debug_rnglists
                0x00000000000001df       0x2d ./Core/Src/Sensors/GY521/gy521.o
 .debug_rnglists
                0x000000000000020c       0x19 ./Core/Src/Sensors/Moisture/moisture.o
 .debug_rnglists
                0x0000000000000225       0x19 ./Core/Src/Sensors/Vibration/vibration.o
 .debug_rnglists
                0x000000000000023e       0x47 ./Core/Src/main.o
 .debug_rnglists
                0x0000000000000285       0x49 ./Core/Src/stm32f4xx_it.o
 .debug_rnglists
                0x00000000000002ce       0x13 ./Core/Src/sysmem.o
 .debug_rnglists
                0x00000000000002e1       0x1a ./Core/Src/system_stm32f4xx.o
 .debug_rnglists
                0x00000000000002fb       0x20 ./Core/Src/usart.o
 .debug_rnglists
                0x000000000000031b       0x19 ./Core/Startup/startup_stm32f411retx.o
 .debug_rnglists
                0x0000000000000334       0xaf ./Drivers/STM32F4xx_HAL_Driver/Src/stm32f4xx_hal.o
 .debug_rnglists
                0x00000000000003e3       0xce ./Drivers/STM32F4xx_HAL_Driver/Src/stm32f4xx_hal_cortex.o
 .debug_rnglists
                0x00000000000004b1       0x70 ./Drivers/STM32F4xx_HAL_Driver/Src/stm32f4xx_hal_dma.o
 .debug_rnglists
                0x0000000000000521       0x3f ./Drivers/STM32F4xx_HAL_Driver/Src/stm32f4xx_hal_gpio.o
 .debug_rnglists
                0x0000000000000560       0x66 ./Drivers/STM32F4xx_HAL_Driver/Src/stm32f4xx_hal_rcc.o
 .debug_rnglists
                0x00000000000005c6      0x16f ./Drivers/STM32F4xx_HAL_Driver/Src/stm32f4xx_hal_spi.o
 .debug_rnglists
                0x0000000000000735      0x1b7 ./Drivers/STM32F4xx_HAL_Driver/Src/stm32f4xx_hal_uart.o

.debug_macro    0x0000000000000000    0x19000
 .debug_macro   0x0000000000000000      0x209 ./Core/Src/Clock Configuration/Delay/delay.o
 .debug_macro   0x0000000000000209      0xaa8 ./Core/Src/Clock Configuration/Delay/delay.o
 .debug_macro   0x0000000000000cb1       0x2e ./Core/Src/Clock Configuration/Delay/delay.o
 .debug_macro   0x0000000000000cdf       0x28 ./Core/Src/Clock Configuration/Delay/delay.o
 .debug_macro   0x0000000000000d07       0x22 ./Core/Src/Clock Configuration/Delay/delay.o
 .debug_macro   0x0000000000000d29       0x8e ./Core/Src/Clock Configuration/Delay/delay.o
 .debug_macro   0x0000000000000db7       0x51 ./Core/Src/Clock Configuration/Delay/delay.o
 .debug_macro   0x0000000000000e08      0x103 ./Core/Src/Clock Configuration/Delay/delay.o
 .debug_macro   0x0000000000000f0b       0x6a ./Core/Src/Clock Configuration/Delay/delay.o
 .debug_macro   0x0000000000000f75      0x1df ./Core/Src/Clock Configuration/Delay/delay.o
 .debug_macro   0x0000000000001154       0x1c ./Core/Src/Clock Configuration/Delay/delay.o
 .debug_macro   0x0000000000001170       0x22 ./Core/Src/Clock Configuration/Delay/delay.o
 .debug_macro   0x0000000000001192       0xd9 ./Core/Src/Clock Configuration/Delay/delay.o
 .debug_macro   0x000000000000126b     0x102d ./Core/Src/Clock Configuration/Delay/delay.o